
     Program initstate v.7.5 starts on  2Aug2026 at  1: 4:28 

     This program is part of the open-source Quantum ESPRESSO suite
     for quantum simulation of materials; please cite
         "P. Giannozzi et al., J. Phys.:Condens. Matter 21 395502 (2009);
         "P. Giannozzi et al., J. Phys.:Condens. Matter 29 465901 (2017);
         "P. Giannozzi et al., J. Chem. Phys. 152 154105 (2020);
          URL http://www.quantum-espresso.org", 
     in publications or presentations arising from this work. More details at
     http://www.quantum-espresso.org/quote

     Parallel version (MPI), running on     4 processors

     MPI processes distributed on     1 nodes
     R & G space division:  proc/nbgrp/npool/nimage =       4
     0 MiB available memory on the printing compute node when the environment starts


     Reading xml data from directory:

     /Users/behnamazizi/Downloads/core level shifts/TWDCOH/output/restart_data/twdcoh_cls.save/
     file C.pbe-rrkjus.UPF: wavefunction(s)  2S 2P renormalized
     file H.pbe-rrkjus.UPF: wavefunction(s)  1S renormalized
     file O.pbe-rrkjus.UPF: wavefunction(s)  2S renormalized

     IMPORTANT: XC functional enforced from input :
     Exchange-correlation= PBE
                           (   1   4   3   4   0   0   0)
     Any further DFT definition will be discarded
     Please, verify this is what you really want


     Parallelization info
     --------------------
     sticks:   dense  smooth     PW     G-vecs:    dense   smooth      PW
     Min        7986    5331   1333              1074872   585126   73123
     Max        7989    5334   1336              1074881   585128   73126
     Sum       31949   21329   5337              4299501  2340509  292499

     Using Slab Decomposition


     negative rho (up, down):  7.758E-02 0.000E+00

     INITIAL STATE CONTRIBUTION TO
     CORE LEVEL SHIFT ON ATOMS:

     atom   1 type  1   shift =     0.000000 Ry, =      0.00000 eV
     atom   2 type  2   shift =    -5.528510 Ry, =    -75.21920 eV
     atom   3 type  2   shift =    -5.524235 Ry, =    -75.16104 eV
     atom   4 type  2   shift =    -5.441840 Ry, =    -74.04001 eV
     atom   5 type  2   shift =    -5.445398 Ry, =    -74.08842 eV
     atom   6 type  2   shift =    -5.509341 Ry, =    -74.95840 eV
     atom   7 type  2   shift =    -5.509607 Ry, =    -74.96202 eV
     atom   8 type  2   shift =    -5.481760 Ry, =    -74.58314 eV
     atom   9 type  2   shift =    -5.519528 Ry, =    -75.09700 eV
     atom  10 type  2   shift =    -5.515289 Ry, =    -75.03933 eV
     atom  11 type  2   shift =    -5.503672 Ry, =    -74.88128 eV
     atom  12 type  2   shift =    -5.521166 Ry, =    -75.11928 eV
     atom  13 type  2   shift =    -5.499366 Ry, =    -74.82269 eV
     atom  14 type  2   shift =    -5.523517 Ry, =    -75.15127 eV
     atom  15 type  2   shift =    -5.519679 Ry, =    -75.09906 eV
     atom  16 type  2   shift =    -5.526143 Ry, =    -75.18700 eV
     atom  17 type  2   shift =    -5.522044 Ry, =    -75.13124 eV
     atom  18 type  2   shift =    -5.512900 Ry, =    -75.00683 eV
     atom  19 type  2   shift =    -5.531382 Ry, =    -75.25828 eV
     atom  20 type  2   shift =    -5.431733 Ry, =    -73.90249 eV
     atom  21 type  2   shift =    -5.488068 Ry, =    -74.66898 eV
     atom  22 type  2   shift =    -5.546106 Ry, =    -75.45862 eV
     atom  23 type  2   shift =    -5.560606 Ry, =    -75.65590 eV
     atom  24 type  2   shift =    -5.546195 Ry, =    -75.45982 eV
     atom  25 type  2   shift =    -5.560334 Ry, =    -75.65220 eV
     atom  26 type  2   shift =    -5.434432 Ry, =    -73.93921 eV
     atom  27 type  2   shift =    -5.486897 Ry, =    -74.65304 eV
     atom  28 type  2   shift =    -5.511934 Ry, =    -74.99368 eV
     atom  29 type  2   shift =    -5.528733 Ry, =    -75.22225 eV
     atom  30 type  2   shift =    -5.519693 Ry, =    -75.09925 eV
     atom  31 type  2   shift =    -5.516591 Ry, =    -75.05705 eV
     atom  32 type  2   shift =    -5.530986 Ry, =    -75.25290 eV
     atom  33 type  2   shift =    -5.512581 Ry, =    -75.00248 eV
     atom  34 type  2   shift =    -5.519426 Ry, =    -75.09562 eV
     atom  35 type  2   shift =    -5.497085 Ry, =    -74.79165 eV
     atom  36 type  2   shift =    -5.519978 Ry, =    -75.10312 eV
     atom  37 type  2   shift =    -5.496537 Ry, =    -74.78419 eV
     atom  38 type  2   shift =    -5.512428 Ry, =    -75.00041 eV
     atom  39 type  2   shift =    -5.515036 Ry, =    -75.03589 eV
     atom  40 type  2   shift =    -5.480129 Ry, =    -74.56096 eV
     atom  41 type  2   shift =    -5.507477 Ry, =    -74.93304 eV
     atom  42 type  2   shift =    -5.446695 Ry, =    -74.10606 eV
     atom  43 type  2   shift =    -5.440596 Ry, =    -74.02308 eV
     atom  44 type  2   shift =    -5.527768 Ry, =    -75.20911 eV
     atom  45 type  2   shift =    -5.525228 Ry, =    -75.17456 eV
     atom  46 type  3   shift =    -9.608413 Ry, =   -130.72912 eV
     atom  47 type  3   shift =    -9.852673 Ry, =   -134.05244 eV
     atom  48 type  3   shift =    -9.843484 Ry, =   -133.92743 eV
     atom  49 type  3   shift =    -9.608850 Ry, =   -130.73506 eV
     atom  50 type  4   shift =     0.000000 Ry, =      0.00000 eV
     atom  51 type  4   shift =     0.000000 Ry, =      0.00000 eV
     atom  52 type  4   shift =     0.000000 Ry, =      0.00000 eV
     atom  53 type  4   shift =     0.000000 Ry, =      0.00000 eV
     atom  54 type  4   shift =     0.000000 Ry, =      0.00000 eV
     atom  55 type  4   shift =     0.000000 Ry, =      0.00000 eV
     atom  56 type  4   shift =     0.000000 Ry, =      0.00000 eV
     atom  57 type  4   shift =     0.000000 Ry, =      0.00000 eV
     atom  58 type  4   shift =     0.000000 Ry, =      0.00000 eV
     atom  59 type  4   shift =     0.000000 Ry, =      0.00000 eV
     atom  60 type  4   shift =     0.000000 Ry, =      0.00000 eV
     atom  61 type  4   shift =     0.000000 Ry, =      0.00000 eV
     atom  62 type  4   shift =     0.000000 Ry, =      0.00000 eV
     atom  63 type  4   shift =     0.000000 Ry, =      0.00000 eV
     atom  64 type  4   shift =     0.000000 Ry, =      0.00000 eV
     atom  65 type  4   shift =     0.000000 Ry, =      0.00000 eV
     atom  66 type  4   shift =     0.000000 Ry, =      0.00000 eV
     atom  67 type  4   shift =     0.000000 Ry, =      0.00000 eV
     atom  68 type  4   shift =     0.000000 Ry, =      0.00000 eV
     atom  69 type  4   shift =     0.000000 Ry, =      0.00000 eV
     atom  70 type  4   shift =     0.000000 Ry, =      0.00000 eV
     atom  71 type  4   shift =     0.000000 Ry, =      0.00000 eV
     atom  72 type  4   shift =     0.000000 Ry, =      0.00000 eV
     atom  73 type  4   shift =     0.000000 Ry, =      0.00000 eV
     atom  74 type  4   shift =     0.000000 Ry, =      0.00000 eV
     atom  75 type  4   shift =     0.000000 Ry, =      0.00000 eV
     atom  76 type  5   shift =     0.000000 Ry, =      0.00000 eV
     atom  77 type  4   shift =     0.000000 Ry, =      0.00000 eV
     atom  78 type  5   shift =     0.000000 Ry, =      0.00000 eV
     atom  79 type  4   shift =     0.000000 Ry, =      0.00000 eV
     atom  80 type  2   shift =    -5.242980 Ry, =    -71.33438 eV
     atom  81 type  5   shift =     0.000000 Ry, =      0.00000 eV
     atom  82 type  4   shift =     0.000000 Ry, =      0.00000 eV
     atom  83 type  5   shift =     0.000000 Ry, =      0.00000 eV
     atom  84 type  2   shift =    -5.233575 Ry, =    -71.20642 eV
     atom  85 type  5   shift =     0.000000 Ry, =      0.00000 eV
     atom  86 type  5   shift =     0.000000 Ry, =      0.00000 eV
     atom  87 type  4   shift =     0.000000 Ry, =      0.00000 eV

     The FERMI ENERGY contribution to shift
     atom   1 type  1   shift =    -0.000000 Ry, =     -0.00000 eV
     atom   2 type  2   shift =    -0.241244 Ry, =     -3.28230 eV
     atom   3 type  2   shift =    -0.241244 Ry, =     -3.28230 eV
     atom   4 type  2   shift =    -0.241244 Ry, =     -3.28230 eV
     atom   5 type  2   shift =    -0.241244 Ry, =     -3.28230 eV
     atom   6 type  2   shift =    -0.241244 Ry, =     -3.28230 eV
     atom   7 type  2   shift =    -0.241244 Ry, =     -3.28230 eV
     atom   8 type  2   shift =    -0.241244 Ry, =     -3.28230 eV
     atom   9 type  2   shift =    -0.241244 Ry, =     -3.28230 eV
     atom  10 type  2   shift =    -0.241244 Ry, =     -3.28230 eV
     atom  11 type  2   shift =    -0.241244 Ry, =     -3.28230 eV
     atom  12 type  2   shift =    -0.241244 Ry, =     -3.28230 eV
     atom  13 type  2   shift =    -0.241244 Ry, =     -3.28230 eV
     atom  14 type  2   shift =    -0.241244 Ry, =     -3.28230 eV
     atom  15 type  2   shift =    -0.241244 Ry, =     -3.28230 eV
     atom  16 type  2   shift =    -0.241244 Ry, =     -3.28230 eV
     atom  17 type  2   shift =    -0.241244 Ry, =     -3.28230 eV
     atom  18 type  2   shift =    -0.241244 Ry, =     -3.28230 eV
     atom  19 type  2   shift =    -0.241244 Ry, =     -3.28230 eV
     atom  20 type  2   shift =    -0.241244 Ry, =     -3.28230 eV
     atom  21 type  2   shift =    -0.241244 Ry, =     -3.28230 eV
     atom  22 type  2   shift =    -0.241244 Ry, =     -3.28230 eV
     atom  23 type  2   shift =    -0.241244 Ry, =     -3.28230 eV
     atom  24 type  2   shift =    -0.241244 Ry, =     -3.28230 eV
     atom  25 type  2   shift =    -0.241244 Ry, =     -3.28230 eV
     atom  26 type  2   shift =    -0.241244 Ry, =     -3.28230 eV
     atom  27 type  2   shift =    -0.241244 Ry, =     -3.28230 eV
     atom  28 type  2   shift =    -0.241244 Ry, =     -3.28230 eV
     atom  29 type  2   shift =    -0.241244 Ry, =     -3.28230 eV
     atom  30 type  2   shift =    -0.241244 Ry, =     -3.28230 eV
     atom  31 type  2   shift =    -0.241244 Ry, =     -3.28230 eV
     atom  32 type  2   shift =    -0.241244 Ry, =     -3.28230 eV
     atom  33 type  2   shift =    -0.241244 Ry, =     -3.28230 eV
     atom  34 type  2   shift =    -0.241244 Ry, =     -3.28230 eV
     atom  35 type  2   shift =    -0.241244 Ry, =     -3.28230 eV
     atom  36 type  2   shift =    -0.241244 Ry, =     -3.28230 eV
     atom  37 type  2   shift =    -0.241244 Ry, =     -3.28230 eV
     atom  38 type  2   shift =    -0.241244 Ry, =     -3.28230 eV
     atom  39 type  2   shift =    -0.241244 Ry, =     -3.28230 eV
     atom  40 type  2   shift =    -0.241244 Ry, =     -3.28230 eV
     atom  41 type  2   shift =    -0.241244 Ry, =     -3.28230 eV
     atom  42 type  2   shift =    -0.241244 Ry, =     -3.28230 eV
     atom  43 type  2   shift =    -0.241244 Ry, =     -3.28230 eV
     atom  44 type  2   shift =    -0.241244 Ry, =     -3.28230 eV
     atom  45 type  2   shift =    -0.241244 Ry, =     -3.28230 eV
     atom  46 type  3   shift =    -0.241244 Ry, =     -3.28230 eV
     atom  47 type  3   shift =    -0.241244 Ry, =     -3.28230 eV
     atom  48 type  3   shift =    -0.241244 Ry, =     -3.28230 eV
     atom  49 type  3   shift =    -0.241244 Ry, =     -3.28230 eV
     atom  50 type  4   shift =    -0.000000 Ry, =     -0.00000 eV
     atom  51 type  4   shift =    -0.000000 Ry, =     -0.00000 eV
     atom  52 type  4   shift =    -0.000000 Ry, =     -0.00000 eV
     atom  53 type  4   shift =    -0.000000 Ry, =     -0.00000 eV
     atom  54 type  4   shift =    -0.000000 Ry, =     -0.00000 eV
     atom  55 type  4   shift =    -0.000000 Ry, =     -0.00000 eV
     atom  56 type  4   shift =    -0.000000 Ry, =     -0.00000 eV
     atom  57 type  4   shift =    -0.000000 Ry, =     -0.00000 eV
     atom  58 type  4   shift =    -0.000000 Ry, =     -0.00000 eV
     atom  59 type  4   shift =    -0.000000 Ry, =     -0.00000 eV
     atom  60 type  4   shift =    -0.000000 Ry, =     -0.00000 eV
     atom  61 type  4   shift =    -0.000000 Ry, =     -0.00000 eV
     atom  62 type  4   shift =    -0.000000 Ry, =     -0.00000 eV
     atom  63 type  4   shift =    -0.000000 Ry, =     -0.00000 eV
     atom  64 type  4   shift =    -0.000000 Ry, =     -0.00000 eV
     atom  65 type  4   shift =    -0.000000 Ry, =     -0.00000 eV
     atom  66 type  4   shift =    -0.000000 Ry, =     -0.00000 eV
     atom  67 type  4   shift =    -0.000000 Ry, =     -0.00000 eV
     atom  68 type  4   shift =    -0.000000 Ry, =     -0.00000 eV
     atom  69 type  4   shift =    -0.000000 Ry, =     -0.00000 eV
     atom  70 type  4   shift =    -0.000000 Ry, =     -0.00000 eV
     atom  71 type  4   shift =    -0.000000 Ry, =     -0.00000 eV
     atom  72 type  4   shift =    -0.000000 Ry, =     -0.00000 eV
     atom  73 type  4   shift =    -0.000000 Ry, =     -0.00000 eV
     atom  74 type  4   shift =    -0.000000 Ry, =     -0.00000 eV
     atom  75 type  4   shift =    -0.000000 Ry, =     -0.00000 eV
     atom  76 type  5   shift =    -0.000000 Ry, =     -0.00000 eV
     atom  77 type  4   shift =    -0.000000 Ry, =     -0.00000 eV
     atom  78 type  5   shift =    -0.000000 Ry, =     -0.00000 eV
     atom  79 type  4   shift =    -0.000000 Ry, =     -0.00000 eV
     atom  80 type  2   shift =    -0.241244 Ry, =     -3.28230 eV
     atom  81 type  5   shift =    -0.000000 Ry, =     -0.00000 eV
     atom  82 type  4   shift =    -0.000000 Ry, =     -0.00000 eV
     atom  83 type  5   shift =    -0.000000 Ry, =     -0.00000 eV
     atom  84 type  2   shift =    -0.241244 Ry, =     -3.28230 eV
     atom  85 type  5   shift =    -0.000000 Ry, =     -0.00000 eV
     atom  86 type  5   shift =    -0.000000 Ry, =     -0.00000 eV
     atom  87 type  4   shift =    -0.000000 Ry, =     -0.00000 eV
     The NON LOCAL contribution to shift
     atom   1 type  1   shift =     0.000000 Ry, =      0.00000 eV
     atom   2 type  2   shift =     2.553580 Ry, =     34.74323 eV
     atom   3 type  2   shift =     2.572566 Ry, =     35.00155 eV
     atom   4 type  2   shift =     2.589705 Ry, =     35.23473 eV
     atom   5 type  2   shift =     2.577020 Ry, =     35.06215 eV
     atom   6 type  2   shift =     2.546741 Ry, =     34.65018 eV
     atom   7 type  2   shift =     2.545604 Ry, =     34.63471 eV
     atom   8 type  2   shift =     2.547941 Ry, =     34.66650 eV
     atom   9 type  2   shift =     2.544256 Ry, =     34.61637 eV
     atom  10 type  2   shift =     2.540516 Ry, =     34.56547 eV
     atom  11 type  2   shift =     2.501676 Ry, =     34.03704 eV
     atom  12 type  2   shift =     2.543984 Ry, =     34.61267 eV
     atom  13 type  2   shift =     2.543885 Ry, =     34.61132 eV
     atom  14 type  2   shift =     2.551314 Ry, =     34.71239 eV
     atom  15 type  2   shift =     2.552617 Ry, =     34.73013 eV
     atom  16 type  2   shift =     2.540746 Ry, =     34.56861 eV
     atom  17 type  2   shift =     2.549547 Ry, =     34.68835 eV
     atom  18 type  2   shift =     2.502569 Ry, =     34.04919 eV
     atom  19 type  2   shift =     2.540042 Ry, =     34.55903 eV
     atom  20 type  2   shift =     2.679033 Ry, =     36.45011 eV
     atom  21 type  2   shift =     2.577318 Ry, =     35.06620 eV
     atom  22 type  2   shift =     2.633207 Ry, =     35.82661 eV
     atom  23 type  2   shift =     2.631234 Ry, =     35.79977 eV
     atom  24 type  2   shift =     2.632216 Ry, =     35.81312 eV
     atom  25 type  2   shift =     2.631533 Ry, =     35.80383 eV
     atom  26 type  2   shift =     2.679178 Ry, =     36.45207 eV
     atom  27 type  2   shift =     2.576382 Ry, =     35.05346 eV
     atom  28 type  2   shift =     2.543868 Ry, =     34.61109 eV
     atom  29 type  2   shift =     2.540751 Ry, =     34.56868 eV
     atom  30 type  2   shift =     2.502059 Ry, =     34.04224 eV
     atom  31 type  2   shift =     2.546931 Ry, =     34.65276 eV
     atom  32 type  2   shift =     2.540572 Ry, =     34.56625 eV
     atom  33 type  2   shift =     2.550466 Ry, =     34.70086 eV
     atom  34 type  2   shift =     2.550032 Ry, =     34.69495 eV
     atom  35 type  2   shift =     2.546981 Ry, =     34.65344 eV
     atom  36 type  2   shift =     2.542318 Ry, =     34.59000 eV
     atom  37 type  2   shift =     2.501938 Ry, =     34.04060 eV
     atom  38 type  2   shift =     2.540288 Ry, =     34.56237 eV
     atom  39 type  2   shift =     2.545170 Ry, =     34.62880 eV
     atom  40 type  2   shift =     2.548294 Ry, =     34.67131 eV
     atom  41 type  2   shift =     2.544975 Ry, =     34.62615 eV
     atom  42 type  2   shift =     2.592657 Ry, =     35.27489 eV
     atom  43 type  2   shift =     2.574417 Ry, =     35.02673 eV
     atom  44 type  2   shift =     2.551277 Ry, =     34.71189 eV
     atom  45 type  2   shift =     2.574210 Ry, =     35.02391 eV
     atom  46 type  3   shift =    -0.151454 Ry, =     -2.06063 eV
     atom  47 type  3   shift =    -0.154030 Ry, =     -2.09569 eV
     atom  48 type  3   shift =    -0.154206 Ry, =     -2.09809 eV
     atom  49 type  3   shift =    -0.151481 Ry, =     -2.06100 eV
     atom  50 type  4   shift =     0.000000 Ry, =      0.00000 eV
     atom  51 type  4   shift =     0.000000 Ry, =      0.00000 eV
     atom  52 type  4   shift =     0.000000 Ry, =      0.00000 eV
     atom  53 type  4   shift =     0.000000 Ry, =      0.00000 eV
     atom  54 type  4   shift =     0.000000 Ry, =      0.00000 eV
     atom  55 type  4   shift =     0.000000 Ry, =      0.00000 eV
     atom  56 type  4   shift =     0.000000 Ry, =      0.00000 eV
     atom  57 type  4   shift =     0.000000 Ry, =      0.00000 eV
     atom  58 type  4   shift =     0.000000 Ry, =      0.00000 eV
     atom  59 type  4   shift =     0.000000 Ry, =      0.00000 eV
     atom  60 type  4   shift =     0.000000 Ry, =      0.00000 eV
     atom  61 type  4   shift =     0.000000 Ry, =      0.00000 eV
     atom  62 type  4   shift =     0.000000 Ry, =      0.00000 eV
     atom  63 type  4   shift =     0.000000 Ry, =      0.00000 eV
     atom  64 type  4   shift =     0.000000 Ry, =      0.00000 eV
     atom  65 type  4   shift =     0.000000 Ry, =      0.00000 eV
     atom  66 type  4   shift =     0.000000 Ry, =      0.00000 eV
     atom  67 type  4   shift =     0.000000 Ry, =      0.00000 eV
     atom  68 type  4   shift =     0.000000 Ry, =      0.00000 eV
     atom  69 type  4   shift =     0.000000 Ry, =      0.00000 eV
     atom  70 type  4   shift =     0.000000 Ry, =      0.00000 eV
     atom  71 type  4   shift =     0.000000 Ry, =      0.00000 eV
     atom  72 type  4   shift =     0.000000 Ry, =      0.00000 eV
     atom  73 type  4   shift =     0.000000 Ry, =      0.00000 eV
     atom  74 type  4   shift =     0.000000 Ry, =      0.00000 eV
     atom  75 type  4   shift =     0.000000 Ry, =      0.00000 eV
     atom  76 type  5   shift =     0.000000 Ry, =      0.00000 eV
     atom  77 type  4   shift =     0.000000 Ry, =      0.00000 eV
     atom  78 type  5   shift =     0.000000 Ry, =      0.00000 eV
     atom  79 type  4   shift =     0.000000 Ry, =      0.00000 eV
     atom  80 type  2   shift =     2.501022 Ry, =     34.02813 eV
     atom  81 type  5   shift =     0.000000 Ry, =      0.00000 eV
     atom  82 type  4   shift =     0.000000 Ry, =      0.00000 eV
     atom  83 type  5   shift =     0.000000 Ry, =      0.00000 eV
     atom  84 type  2   shift =     2.503358 Ry, =     34.05992 eV
     atom  85 type  5   shift =     0.000000 Ry, =      0.00000 eV
     atom  86 type  5   shift =     0.000000 Ry, =      0.00000 eV
     atom  87 type  4   shift =     0.000000 Ry, =      0.00000 eV
     The LOCAL contribution to shift
     atom   1 type  1   shift =     0.000000 Ry, =      0.00000 eV
     atom   2 type  2   shift =   -34.951277 Ry, =   -475.53635 eV
     atom   3 type  2   shift =   -34.465292 Ry, =   -468.92418 eV
     atom   4 type  2   shift =   -42.380096 Ry, =   -576.61058 eV
     atom   5 type  2   shift =   -41.422486 Ry, =   -563.58163 eV
     atom   6 type  2   shift =   -40.056664 Ry, =   -544.99868 eV
     atom   7 type  2   shift =   -26.930394 Ry, =   -366.40667 eV
     atom   8 type  2   shift =   -26.879826 Ry, =   -365.71866 eV
     atom   9 type  2   shift =   -30.904783 Ry, =   -420.48100 eV
     atom  10 type  2   shift =   -26.437193 Ry, =   -359.69634 eV
     atom  11 type  2   shift =   -34.733891 Ry, =   -472.57866 eV
     atom  12 type  2   shift =   -30.118568 Ry, =   -409.78399 eV
     atom  13 type  2   shift =   -39.237275 Ry, =   -533.85032 eV
     atom  14 type  2   shift =   -23.243410 Ry, =   -316.24270 eV
     atom  15 type  2   shift =   -21.639837 Ry, =   -294.42498 eV
     atom  16 type  2   shift =   -28.481936 Ry, =   -387.51648 eV
     atom  17 type  2   shift =   -23.584035 Ry, =   -320.87714 eV
     atom  18 type  2   shift =   -33.309421 Ry, =   -453.19776 eV
     atom  19 type  2   shift =   -29.044515 Ry, =   -395.17076 eV
     atom  20 type  2   shift =   -41.466138 Ry, =   -564.17555 eV
     atom  21 type  2   shift =   -41.151460 Ry, =   -559.89413 eV
     atom  22 type  2   shift =   -34.725498 Ry, =   -472.46446 eV
     atom  23 type  2   shift =   -34.659132 Ry, =   -471.56152 eV
     atom  24 type  2   shift =   -34.477160 Ry, =   -469.08566 eV
     atom  25 type  2   shift =   -34.893659 Ry, =   -474.75241 eV
     atom  26 type  2   shift =   -41.180945 Ry, =   -560.29530 eV
     atom  27 type  2   shift =   -41.409846 Ry, =   -563.40965 eV
     atom  28 type  2   shift =   -39.482099 Ry, =   -537.18132 eV
     atom  29 type  2   shift =   -28.398100 Ry, =   -386.37584 eV
     atom  30 type  2   shift =   -33.443652 Ry, =   -455.02406 eV
     atom  31 type  2   shift =   -23.189467 Ry, =   -315.50877 eV
     atom  32 type  2   shift =   -29.189652 Ry, =   -397.14545 eV
     atom  33 type  2   shift =   -21.693487 Ry, =   -295.15492 eV
     atom  34 type  2   shift =   -23.664395 Ry, =   -321.97049 eV
     atom  35 type  2   shift =   -39.776303 Ry, =   -541.18418 eV
     atom  36 type  2   shift =   -30.705012 Ry, =   -417.76297 eV
     atom  37 type  2   shift =   -34.566103 Ry, =   -470.29579 eV
     atom  38 type  2   shift =   -26.785768 Ry, =   -364.43894 eV
     atom  39 type  2   shift =   -30.169359 Ry, =   -410.47504 eV
     atom  40 type  2   shift =   -26.817069 Ry, =   -364.86482 eV
     atom  41 type  2   shift =   -26.493832 Ry, =   -360.46695 eV
     atom  42 type  2   shift =   -42.090308 Ry, =   -572.66782 eV
     atom  43 type  2   shift =   -41.664341 Ry, =   -566.87224 eV
     atom  44 type  2   shift =   -34.647312 Ry, =   -471.40069 eV
     atom  45 type  2   shift =   -34.665385 Ry, =   -471.64659 eV
     atom  46 type  3   shift =   -47.265806 Ry, =   -643.08406 eV
     atom  47 type  3   shift =   -45.464993 Ry, =   -618.58274 eV
     atom  48 type  3   shift =   -45.643046 Ry, =   -621.00528 eV
     atom  49 type  3   shift =   -47.231387 Ry, =   -642.61575 eV
     atom  50 type  4   shift =     0.000000 Ry, =      0.00000 eV
     atom  51 type  4   shift =     0.000000 Ry, =      0.00000 eV
     atom  52 type  4   shift =     0.000000 Ry, =      0.00000 eV
     atom  53 type  4   shift =     0.000000 Ry, =      0.00000 eV
     atom  54 type  4   shift =     0.000000 Ry, =      0.00000 eV
     atom  55 type  4   shift =     0.000000 Ry, =      0.00000 eV
     atom  56 type  4   shift =     0.000000 Ry, =      0.00000 eV
     atom  57 type  4   shift =     0.000000 Ry, =      0.00000 eV
     atom  58 type  4   shift =     0.000000 Ry, =      0.00000 eV
     atom  59 type  4   shift =     0.000000 Ry, =      0.00000 eV
     atom  60 type  4   shift =     0.000000 Ry, =      0.00000 eV
     atom  61 type  4   shift =     0.000000 Ry, =      0.00000 eV
     atom  62 type  4   shift =     0.000000 Ry, =      0.00000 eV
     atom  63 type  4   shift =     0.000000 Ry, =      0.00000 eV
     atom  64 type  4   shift =     0.000000 Ry, =      0.00000 eV
     atom  65 type  4   shift =     0.000000 Ry, =      0.00000 eV
     atom  66 type  4   shift =     0.000000 Ry, =      0.00000 eV
     atom  67 type  4   shift =     0.000000 Ry, =      0.00000 eV
     atom  68 type  4   shift =     0.000000 Ry, =      0.00000 eV
     atom  69 type  4   shift =     0.000000 Ry, =      0.00000 eV
     atom  70 type  4   shift =     0.000000 Ry, =      0.00000 eV
     atom  71 type  4   shift =     0.000000 Ry, =      0.00000 eV
     atom  72 type  4   shift =     0.000000 Ry, =      0.00000 eV
     atom  73 type  4   shift =     0.000000 Ry, =      0.00000 eV
     atom  74 type  4   shift =     0.000000 Ry, =      0.00000 eV
     atom  75 type  4   shift =     0.000000 Ry, =      0.00000 eV
     atom  76 type  5   shift =     0.000000 Ry, =      0.00000 eV
     atom  77 type  4   shift =     0.000000 Ry, =      0.00000 eV
     atom  78 type  5   shift =     0.000000 Ry, =      0.00000 eV
     atom  79 type  4   shift =     0.000000 Ry, =      0.00000 eV
     atom  80 type  2   shift =   -23.436530 Ry, =   -318.87024 eV
     atom  81 type  5   shift =     0.000000 Ry, =      0.00000 eV
     atom  82 type  4   shift =     0.000000 Ry, =      0.00000 eV
     atom  83 type  5   shift =     0.000000 Ry, =      0.00000 eV
     atom  84 type  2   shift =   -23.491628 Ry, =   -319.61988 eV
     atom  85 type  5   shift =     0.000000 Ry, =      0.00000 eV
     atom  86 type  5   shift =     0.000000 Ry, =      0.00000 eV
     atom  87 type  4   shift =     0.000000 Ry, =      0.00000 eV
     The IONIC contribution to shift
     atom   1 type  1   shift =     0.000000 Ry, =      0.00000 eV
     atom   2 type  2   shift =    27.110432 Ry, =    368.85621 eV
     atom   3 type  2   shift =    26.609735 Ry, =    362.04389 eV
     atom   4 type  2   shift =    34.589795 Ry, =    470.61813 eV
     atom   5 type  2   shift =    33.641312 Ry, =    457.71336 eV
     atom   6 type  2   shift =    32.241827 Ry, =    438.67240 eV
     atom   7 type  2   shift =    19.116427 Ry, =    260.09223 eV
     atom   8 type  2   shift =    19.091370 Ry, =    259.75132 eV
     atom   9 type  2   shift =    23.082243 Ry, =    314.04992 eV
     atom  10 type  2   shift =    18.622633 Ry, =    253.37383 eV
     atom  11 type  2   shift =    26.969787 Ry, =    366.94264 eV
     atom  12 type  2   shift =    22.294662 Ry, =    303.33433 eV
     atom  13 type  2   shift =    31.435268 Ry, =    427.69860 eV
     atom  14 type  2   shift =    15.409824 Ry, =    209.66134 eV
     atom  15 type  2   shift =    13.808785 Ry, =    187.87809 eV
     atom  16 type  2   shift =    20.656292 Ry, =    281.04317 eV
     atom  17 type  2   shift =    15.753688 Ry, =    214.33985 eV
     atom  18 type  2   shift =    25.535197 Ry, =    347.42405 eV
     atom  19 type  2   shift =    21.214336 Ry, =    288.63575 eV
     atom  20 type  2   shift =    33.596616 Ry, =    457.10524 eV
     atom  21 type  2   shift =    33.327317 Ry, =    453.44125 eV
     atom  22 type  2   shift =    26.787428 Ry, =    364.46153 eV
     atom  23 type  2   shift =    26.708536 Ry, =    363.38815 eV
     atom  24 type  2   shift =    26.539994 Ry, =    361.09502 eV
     atom  25 type  2   shift =    26.943035 Ry, =    366.57867 eV
     atom  26 type  2   shift =    33.308579 Ry, =    453.18631 eV
     atom  27 type  2   shift =    33.587811 Ry, =    456.98545 eV
     atom  28 type  2   shift =    31.667541 Ry, =    430.85885 eV
     atom  29 type  2   shift =    20.569861 Ry, =    279.86722 eV
     atom  30 type  2   shift =    25.663144 Ry, =    349.16486 eV
     atom  31 type  2   shift =    15.367189 Ry, =    209.08126 eV
     atom  32 type  2   shift =    21.359338 Ry, =    290.60859 eV
     atom  33 type  2   shift =    13.871684 Ry, =    188.73388 eV
     atom  34 type  2   shift =    15.836181 Ry, =    215.46223 eV
     atom  35 type  2   shift =    31.973482 Ry, =    435.02138 eV
     atom  36 type  2   shift =    22.883960 Ry, =    311.35213 eV
     atom  37 type  2   shift =    26.808873 Ry, =    364.75329 eV
     atom  38 type  2   shift =    18.974296 Ry, =    258.15845 eV
     atom  39 type  2   shift =    22.350397 Ry, =    304.09264 eV
     atom  40 type  2   shift =    19.029891 Ry, =    258.91485 eV
     atom  41 type  2   shift =    18.682624 Ry, =    254.19005 eV
     atom  42 type  2   shift =    34.292200 Ry, =    466.56916 eV
     atom  43 type  2   shift =    33.890573 Ry, =    461.10473 eV
     atom  44 type  2   shift =    26.809511 Ry, =    364.76199 eV
     atom  45 type  2   shift =    26.807192 Ry, =    364.73043 eV
     atom  46 type  3   shift =    38.050091 Ry, =    517.69787 eV
     atom  47 type  3   shift =    36.007595 Ry, =    489.90829 eV
     atom  48 type  3   shift =    36.195013 Ry, =    492.45824 eV
     atom  49 type  3   shift =    38.015262 Ry, =    517.22399 eV
     atom  50 type  4   shift =     0.000000 Ry, =      0.00000 eV
     atom  51 type  4   shift =     0.000000 Ry, =      0.00000 eV
     atom  52 type  4   shift =     0.000000 Ry, =      0.00000 eV
     atom  53 type  4   shift =     0.000000 Ry, =      0.00000 eV
     atom  54 type  4   shift =     0.000000 Ry, =      0.00000 eV
     atom  55 type  4   shift =     0.000000 Ry, =      0.00000 eV
     atom  56 type  4   shift =     0.000000 Ry, =      0.00000 eV
     atom  57 type  4   shift =     0.000000 Ry, =      0.00000 eV
     atom  58 type  4   shift =     0.000000 Ry, =      0.00000 eV
     atom  59 type  4   shift =     0.000000 Ry, =      0.00000 eV
     atom  60 type  4   shift =     0.000000 Ry, =      0.00000 eV
     atom  61 type  4   shift =     0.000000 Ry, =      0.00000 eV
     atom  62 type  4   shift =     0.000000 Ry, =      0.00000 eV
     atom  63 type  4   shift =     0.000000 Ry, =      0.00000 eV
     atom  64 type  4   shift =     0.000000 Ry, =      0.00000 eV
     atom  65 type  4   shift =     0.000000 Ry, =      0.00000 eV
     atom  66 type  4   shift =     0.000000 Ry, =      0.00000 eV
     atom  67 type  4   shift =     0.000000 Ry, =      0.00000 eV
     atom  68 type  4   shift =     0.000000 Ry, =      0.00000 eV
     atom  69 type  4   shift =     0.000000 Ry, =      0.00000 eV
     atom  70 type  4   shift =     0.000000 Ry, =      0.00000 eV
     atom  71 type  4   shift =     0.000000 Ry, =      0.00000 eV
     atom  72 type  4   shift =     0.000000 Ry, =      0.00000 eV
     atom  73 type  4   shift =     0.000000 Ry, =      0.00000 eV
     atom  74 type  4   shift =     0.000000 Ry, =      0.00000 eV
     atom  75 type  4   shift =     0.000000 Ry, =      0.00000 eV
     atom  76 type  5   shift =     0.000000 Ry, =      0.00000 eV
     atom  77 type  4   shift =     0.000000 Ry, =      0.00000 eV
     atom  78 type  5   shift =     0.000000 Ry, =      0.00000 eV
     atom  79 type  4   shift =     0.000000 Ry, =      0.00000 eV
     atom  80 type  2   shift =    15.933773 Ry, =    216.79002 eV
     atom  81 type  5   shift =     0.000000 Ry, =      0.00000 eV
     atom  82 type  4   shift =     0.000000 Ry, =      0.00000 eV
     atom  83 type  5   shift =     0.000000 Ry, =      0.00000 eV
     atom  84 type  2   shift =    15.995939 Ry, =    217.63584 eV
     atom  85 type  5   shift =     0.000000 Ry, =      0.00000 eV
     atom  86 type  5   shift =     0.000000 Ry, =      0.00000 eV
     atom  87 type  4   shift =     0.000000 Ry, =      0.00000 eV
     The CC contribution to shift
     atom   1 type  1   shift =    -0.000000 Ry, =     -0.00000 eV
     atom   2 type  2   shift =    -0.000000 Ry, =     -0.00000 eV
     atom   3 type  2   shift =    -0.000000 Ry, =     -0.00000 eV
     atom   4 type  2   shift =    -0.000000 Ry, =     -0.00000 eV
     atom   5 type  2   shift =    -0.000000 Ry, =     -0.00000 eV
     atom   6 type  2   shift =    -0.000000 Ry, =     -0.00000 eV
     atom   7 type  2   shift =    -0.000000 Ry, =     -0.00000 eV
     atom   8 type  2   shift =    -0.000000 Ry, =     -0.00000 eV
     atom   9 type  2   shift =    -0.000000 Ry, =     -0.00000 eV
     atom  10 type  2   shift =    -0.000000 Ry, =     -0.00000 eV
     atom  11 type  2   shift =    -0.000000 Ry, =     -0.00000 eV
     atom  12 type  2   shift =    -0.000000 Ry, =     -0.00000 eV
     atom  13 type  2   shift =    -0.000000 Ry, =     -0.00000 eV
     atom  14 type  2   shift =    -0.000000 Ry, =     -0.00000 eV
     atom  15 type  2   shift =    -0.000000 Ry, =     -0.00000 eV
     atom  16 type  2   shift =    -0.000000 Ry, =     -0.00000 eV
     atom  17 type  2   shift =    -0.000000 Ry, =     -0.00000 eV
     atom  18 type  2   shift =    -0.000000 Ry, =     -0.00000 eV
     atom  19 type  2   shift =    -0.000000 Ry, =     -0.00000 eV
     atom  20 type  2   shift =    -0.000000 Ry, =     -0.00000 eV
     atom  21 type  2   shift =    -0.000000 Ry, =     -0.00000 eV
     atom  22 type  2   shift =    -0.000000 Ry, =     -0.00000 eV
     atom  23 type  2   shift =    -0.000000 Ry, =     -0.00000 eV
     atom  24 type  2   shift =    -0.000000 Ry, =     -0.00000 eV
     atom  25 type  2   shift =    -0.000000 Ry, =     -0.00000 eV
     atom  26 type  2   shift =    -0.000000 Ry, =     -0.00000 eV
     atom  27 type  2   shift =    -0.000000 Ry, =     -0.00000 eV
     atom  28 type  2   shift =    -0.000000 Ry, =     -0.00000 eV
     atom  29 type  2   shift =    -0.000000 Ry, =     -0.00000 eV
     atom  30 type  2   shift =    -0.000000 Ry, =     -0.00000 eV
     atom  31 type  2   shift =    -0.000000 Ry, =     -0.00000 eV
     atom  32 type  2   shift =    -0.000000 Ry, =     -0.00000 eV
     atom  33 type  2   shift =    -0.000000 Ry, =     -0.00000 eV
     atom  34 type  2   shift =    -0.000000 Ry, =     -0.00000 eV
     atom  35 type  2   shift =    -0.000000 Ry, =     -0.00000 eV
     atom  36 type  2   shift =    -0.000000 Ry, =     -0.00000 eV
     atom  37 type  2   shift =    -0.000000 Ry, =     -0.00000 eV
     atom  38 type  2   shift =    -0.000000 Ry, =     -0.00000 eV
     atom  39 type  2   shift =    -0.000000 Ry, =     -0.00000 eV
     atom  40 type  2   shift =    -0.000000 Ry, =     -0.00000 eV
     atom  41 type  2   shift =    -0.000000 Ry, =     -0.00000 eV
     atom  42 type  2   shift =    -0.000000 Ry, =     -0.00000 eV
     atom  43 type  2   shift =    -0.000000 Ry, =     -0.00000 eV
     atom  44 type  2   shift =    -0.000000 Ry, =     -0.00000 eV
     atom  45 type  2   shift =    -0.000000 Ry, =     -0.00000 eV
     atom  46 type  3   shift =    -0.000000 Ry, =     -0.00000 eV
     atom  47 type  3   shift =    -0.000000 Ry, =     -0.00000 eV
     atom  48 type  3   shift =    -0.000000 Ry, =     -0.00000 eV
     atom  49 type  3   shift =    -0.000000 Ry, =     -0.00000 eV
     atom  50 type  4   shift =    -0.000000 Ry, =     -0.00000 eV
     atom  51 type  4   shift =    -0.000000 Ry, =     -0.00000 eV
     atom  52 type  4   shift =    -0.000000 Ry, =     -0.00000 eV
     atom  53 type  4   shift =    -0.000000 Ry, =     -0.00000 eV
     atom  54 type  4   shift =    -0.000000 Ry, =     -0.00000 eV
     atom  55 type  4   shift =    -0.000000 Ry, =     -0.00000 eV
     atom  56 type  4   shift =    -0.000000 Ry, =     -0.00000 eV
     atom  57 type  4   shift =    -0.000000 Ry, =     -0.00000 eV
     atom  58 type  4   shift =    -0.000000 Ry, =     -0.00000 eV
     atom  59 type  4   shift =    -0.000000 Ry, =     -0.00000 eV
     atom  60 type  4   shift =    -0.000000 Ry, =     -0.00000 eV
     atom  61 type  4   shift =    -0.000000 Ry, =     -0.00000 eV
     atom  62 type  4   shift =    -0.000000 Ry, =     -0.00000 eV
     atom  63 type  4   shift =    -0.000000 Ry, =     -0.00000 eV
     atom  64 type  4   shift =    -0.000000 Ry, =     -0.00000 eV
     atom  65 type  4   shift =    -0.000000 Ry, =     -0.00000 eV
     atom  66 type  4   shift =    -0.000000 Ry, =     -0.00000 eV
     atom  67 type  4   shift =    -0.000000 Ry, =     -0.00000 eV
     atom  68 type  4   shift =    -0.000000 Ry, =     -0.00000 eV
     atom  69 type  4   shift =    -0.000000 Ry, =     -0.00000 eV
     atom  70 type  4   shift =    -0.000000 Ry, =     -0.00000 eV
     atom  71 type  4   shift =    -0.000000 Ry, =     -0.00000 eV
     atom  72 type  4   shift =    -0.000000 Ry, =     -0.00000 eV
     atom  73 type  4   shift =    -0.000000 Ry, =     -0.00000 eV
     atom  74 type  4   shift =    -0.000000 Ry, =     -0.00000 eV
     atom  75 type  4   shift =    -0.000000 Ry, =     -0.00000 eV
     atom  76 type  5   shift =    -0.000000 Ry, =     -0.00000 eV
     atom  77 type  4   shift =    -0.000000 Ry, =     -0.00000 eV
     atom  78 type  5   shift =    -0.000000 Ry, =     -0.00000 eV
     atom  79 type  4   shift =    -0.000000 Ry, =     -0.00000 eV
     atom  80 type  2   shift =    -0.000000 Ry, =     -0.00000 eV
     atom  81 type  5   shift =    -0.000000 Ry, =     -0.00000 eV
     atom  82 type  4   shift =    -0.000000 Ry, =     -0.00000 eV
     atom  83 type  5   shift =    -0.000000 Ry, =     -0.00000 eV
     atom  84 type  2   shift =    -0.000000 Ry, =     -0.00000 eV
     atom  85 type  5   shift =    -0.000000 Ry, =     -0.00000 eV
     atom  86 type  5   shift =    -0.000000 Ry, =     -0.00000 eV
     atom  87 type  4   shift =    -0.000000 Ry, =     -0.00000 eV
     The Hubbard contribution to shift
     atom   1 type  1   shift =    -0.000000 Ry, =     -0.00000 eV
     atom   2 type  2   shift =    -0.000000 Ry, =     -0.00000 eV
     atom   3 type  2   shift =    -0.000000 Ry, =     -0.00000 eV
     atom   4 type  2   shift =    -0.000000 Ry, =     -0.00000 eV
     atom   5 type  2   shift =    -0.000000 Ry, =     -0.00000 eV
     atom   6 type  2   shift =    -0.000000 Ry, =     -0.00000 eV
     atom   7 type  2   shift =    -0.000000 Ry, =     -0.00000 eV
     atom   8 type  2   shift =    -0.000000 Ry, =     -0.00000 eV
     atom   9 type  2   shift =    -0.000000 Ry, =     -0.00000 eV
     atom  10 type  2   shift =    -0.000000 Ry, =     -0.00000 eV
     atom  11 type  2   shift =    -0.000000 Ry, =     -0.00000 eV
     atom  12 type  2   shift =    -0.000000 Ry, =     -0.00000 eV
     atom  13 type  2   shift =    -0.000000 Ry, =     -0.00000 eV
     atom  14 type  2   shift =    -0.000000 Ry, =     -0.00000 eV
     atom  15 type  2   shift =    -0.000000 Ry, =     -0.00000 eV
     atom  16 type  2   shift =    -0.000000 Ry, =     -0.00000 eV
     atom  17 type  2   shift =    -0.000000 Ry, =     -0.00000 eV
     atom  18 type  2   shift =    -0.000000 Ry, =     -0.00000 eV
     atom  19 type  2   shift =    -0.000000 Ry, =     -0.00000 eV
     atom  20 type  2   shift =    -0.000000 Ry, =     -0.00000 eV
     atom  21 type  2   shift =    -0.000000 Ry, =     -0.00000 eV
     atom  22 type  2   shift =    -0.000000 Ry, =     -0.00000 eV
     atom  23 type  2   shift =    -0.000000 Ry, =     -0.00000 eV
     atom  24 type  2   shift =    -0.000000 Ry, =     -0.00000 eV
     atom  25 type  2   shift =    -0.000000 Ry, =     -0.00000 eV
     atom  26 type  2   shift =    -0.000000 Ry, =     -0.00000 eV
     atom  27 type  2   shift =    -0.000000 Ry, =     -0.00000 eV
     atom  28 type  2   shift =    -0.000000 Ry, =     -0.00000 eV
     atom  29 type  2   shift =    -0.000000 Ry, =     -0.00000 eV
     atom  30 type  2   shift =    -0.000000 Ry, =     -0.00000 eV
     atom  31 type  2   shift =    -0.000000 Ry, =     -0.00000 eV
     atom  32 type  2   shift =    -0.000000 Ry, =     -0.00000 eV
     atom  33 type  2   shift =    -0.000000 Ry, =     -0.00000 eV
     atom  34 type  2   shift =    -0.000000 Ry, =     -0.00000 eV
     atom  35 type  2   shift =    -0.000000 Ry, =     -0.00000 eV
     atom  36 type  2   shift =    -0.000000 Ry, =     -0.00000 eV
     atom  37 type  2   shift =    -0.000000 Ry, =     -0.00000 eV
     atom  38 type  2   shift =    -0.000000 Ry, =     -0.00000 eV
     atom  39 type  2   shift =    -0.000000 Ry, =     -0.00000 eV
     atom  40 type  2   shift =    -0.000000 Ry, =     -0.00000 eV
     atom  41 type  2   shift =    -0.000000 Ry, =     -0.00000 eV
     atom  42 type  2   shift =    -0.000000 Ry, =     -0.00000 eV
     atom  43 type  2   shift =    -0.000000 Ry, =     -0.00000 eV
     atom  44 type  2   shift =    -0.000000 Ry, =     -0.00000 eV
     atom  45 type  2   shift =    -0.000000 Ry, =     -0.00000 eV
     atom  46 type  3   shift =    -0.000000 Ry, =     -0.00000 eV
     atom  47 type  3   shift =    -0.000000 Ry, =     -0.00000 eV
     atom  48 type  3   shift =    -0.000000 Ry, =     -0.00000 eV
     atom  49 type  3   shift =    -0.000000 Ry, =     -0.00000 eV
     atom  50 type  4   shift =    -0.000000 Ry, =     -0.00000 eV
     atom  51 type  4   shift =    -0.000000 Ry, =     -0.00000 eV
     atom  52 type  4   shift =    -0.000000 Ry, =     -0.00000 eV
     atom  53 type  4   shift =    -0.000000 Ry, =     -0.00000 eV
     atom  54 type  4   shift =    -0.000000 Ry, =     -0.00000 eV
     atom  55 type  4   shift =    -0.000000 Ry, =     -0.00000 eV
     atom  56 type  4   shift =    -0.000000 Ry, =     -0.00000 eV
     atom  57 type  4   shift =    -0.000000 Ry, =     -0.00000 eV
     atom  58 type  4   shift =    -0.000000 Ry, =     -0.00000 eV
     atom  59 type  4   shift =    -0.000000 Ry, =     -0.00000 eV
     atom  60 type  4   shift =    -0.000000 Ry, =     -0.00000 eV
     atom  61 type  4   shift =    -0.000000 Ry, =     -0.00000 eV
     atom  62 type  4   shift =    -0.000000 Ry, =     -0.00000 eV
     atom  63 type  4   shift =    -0.000000 Ry, =     -0.00000 eV
     atom  64 type  4   shift =    -0.000000 Ry, =     -0.00000 eV
     atom  65 type  4   shift =    -0.000000 Ry, =     -0.00000 eV
     atom  66 type  4   shift =    -0.000000 Ry, =     -0.00000 eV
     atom  67 type  4   shift =    -0.000000 Ry, =     -0.00000 eV
     atom  68 type  4   shift =    -0.000000 Ry, =     -0.00000 eV
     atom  69 type  4   shift =    -0.000000 Ry, =     -0.00000 eV
     atom  70 type  4   shift =    -0.000000 Ry, =     -0.00000 eV
     atom  71 type  4   shift =    -0.000000 Ry, =     -0.00000 eV
     atom  72 type  4   shift =    -0.000000 Ry, =     -0.00000 eV
     atom  73 type  4   shift =    -0.000000 Ry, =     -0.00000 eV
     atom  74 type  4   shift =    -0.000000 Ry, =     -0.00000 eV
     atom  75 type  4   shift =    -0.000000 Ry, =     -0.00000 eV
     atom  76 type  5   shift =    -0.000000 Ry, =     -0.00000 eV
     atom  77 type  4   shift =    -0.000000 Ry, =     -0.00000 eV
     atom  78 type  5   shift =    -0.000000 Ry, =     -0.00000 eV
     atom  79 type  4   shift =    -0.000000 Ry, =     -0.00000 eV
     atom  80 type  2   shift =    -0.000000 Ry, =     -0.00000 eV
     atom  81 type  5   shift =    -0.000000 Ry, =     -0.00000 eV
     atom  82 type  4   shift =    -0.000000 Ry, =     -0.00000 eV
     atom  83 type  5   shift =    -0.000000 Ry, =     -0.00000 eV
     atom  84 type  2   shift =    -0.000000 Ry, =     -0.00000 eV
     atom  85 type  5   shift =    -0.000000 Ry, =     -0.00000 eV
     atom  86 type  5   shift =    -0.000000 Ry, =     -0.00000 eV
     atom  87 type  4   shift =    -0.000000 Ry, =     -0.00000 eV

     initstate    :     32.99s CPU     51.05s WALL


   This run was terminated on:   1: 5:19   2Aug2026            

=------------------------------------------------------------------------------=
   JOB DONE.
=------------------------------------------------------------------------------=
