
     Program initstate v.7.5 starts on  1Aug2026 at 23:39: 4 

     This program is part of the open-source Quantum ESPRESSO suite
     for quantum simulation of materials; please cite
         "P. Giannozzi et al., J. Phys.:Condens. Matter 21 395502 (2009);
         "P. Giannozzi et al., J. Phys.:Condens. Matter 29 465901 (2017);
         "P. Giannozzi et al., J. Chem. Phys. 152 154105 (2020);
          URL http://www.quantum-espresso.org", 
     in publications or presentations arising from this work. More details at
     http://www.quantum-espresso.org/quote

     Parallel version (MPI), running on     4 processors

     MPI processes distributed on     1 nodes
     R & G space division:  proc/nbgrp/npool/nimage =       4
     0 MiB available memory on the printing compute node when the environment starts


     Reading xml data from directory:

     /Users/behnamazizi/Downloads/core level shifts/TWco/output/restart_data/twco_cls.save/
     file C.pbe-rrkjus.UPF: wavefunction(s)  2S 2P renormalized
     file H.pbe-rrkjus.UPF: wavefunction(s)  1S renormalized
     file O.pbe-rrkjus.UPF: wavefunction(s)  2S renormalized

     IMPORTANT: XC functional enforced from input :
     Exchange-correlation= PBE
                           (   1   4   3   4   0   0   0)
     Any further DFT definition will be discarded
     Please, verify this is what you really want


     Parallelization info
     --------------------
     sticks:   dense  smooth     PW     G-vecs:    dense   smooth      PW
     Min        7986    5331   1333              1074872   585126   73123
     Max        7989    5334   1336              1074881   585128   73126
     Sum       31949   21329   5337              4299501  2340509  292499

     Using Slab Decomposition


     negative rho (up, down):  7.770E-02 0.000E+00

     INITIAL STATE CONTRIBUTION TO
     CORE LEVEL SHIFT ON ATOMS:

     atom   1 type  1   shift =     0.000000 Ry, =      0.00000 eV
     atom   2 type  2   shift =    -5.527830 Ry, =    -75.20996 eV
     atom   3 type  2   shift =    -5.524367 Ry, =    -75.16285 eV
     atom   4 type  2   shift =    -5.443340 Ry, =    -74.06041 eV
     atom   5 type  2   shift =    -5.445674 Ry, =    -74.09217 eV
     atom   6 type  2   shift =    -5.510259 Ry, =    -74.97090 eV
     atom   7 type  2   shift =    -5.514997 Ry, =    -75.03536 eV
     atom   8 type  2   shift =    -5.480382 Ry, =    -74.56439 eV
     atom   9 type  2   shift =    -5.519743 Ry, =    -75.09993 eV
     atom  10 type  2   shift =    -5.507652 Ry, =    -74.93543 eV
     atom  11 type  2   shift =    -5.503343 Ry, =    -74.87680 eV
     atom  12 type  2   shift =    -5.520237 Ry, =    -75.10665 eV
     atom  13 type  2   shift =    -5.500810 Ry, =    -74.84233 eV
     atom  14 type  2   shift =    -5.518678 Ry, =    -75.08544 eV
     atom  15 type  2   shift =    -5.517808 Ry, =    -75.07360 eV
     atom  16 type  2   shift =    -5.523865 Ry, =    -75.15601 eV
     atom  17 type  2   shift =    -5.518446 Ry, =    -75.08228 eV
     atom  18 type  2   shift =    -5.510121 Ry, =    -74.96901 eV
     atom  19 type  2   shift =    -5.529120 Ry, =    -75.22751 eV
     atom  20 type  2   shift =    -5.432093 Ry, =    -73.90739 eV
     atom  21 type  2   shift =    -5.488752 Ry, =    -74.67828 eV
     atom  22 type  2   shift =    -5.544572 Ry, =    -75.43775 eV
     atom  23 type  2   shift =    -5.560437 Ry, =    -75.65360 eV
     atom  24 type  2   shift =    -5.545263 Ry, =    -75.44715 eV
     atom  25 type  2   shift =    -5.560082 Ry, =    -75.64878 eV
     atom  26 type  2   shift =    -5.432880 Ry, =    -73.91810 eV
     atom  27 type  2   shift =    -5.487514 Ry, =    -74.66143 eV
     atom  28 type  2   shift =    -5.512446 Ry, =    -75.00065 eV
     atom  29 type  2   shift =    -5.533265 Ry, =    -75.28391 eV
     atom  30 type  2   shift =    -5.522367 Ry, =    -75.13563 eV
     atom  31 type  2   shift =    -5.521075 Ry, =    -75.11805 eV
     atom  32 type  2   shift =    -5.532939 Ry, =    -75.27946 eV
     atom  33 type  2   shift =    -5.517837 Ry, =    -75.07399 eV
     atom  34 type  2   shift =    -5.523487 Ry, =    -75.15087 eV
     atom  35 type  2   shift =    -5.498511 Ry, =    -74.81105 eV
     atom  36 type  2   shift =    -5.519222 Ry, =    -75.09284 eV
     atom  37 type  2   shift =    -5.497175 Ry, =    -74.79288 eV
     atom  38 type  2   shift =    -5.512639 Ry, =    -75.00327 eV
     atom  39 type  2   shift =    -5.515633 Ry, =    -75.04401 eV
     atom  40 type  2   shift =    -5.480060 Ry, =    -74.56002 eV
     atom  41 type  2   shift =    -5.506832 Ry, =    -74.92427 eV
     atom  42 type  2   shift =    -5.447123 Ry, =    -74.11188 eV
     atom  43 type  2   shift =    -5.442321 Ry, =    -74.04654 eV
     atom  44 type  2   shift =    -5.528744 Ry, =    -75.22239 eV
     atom  45 type  2   shift =    -5.527757 Ry, =    -75.20896 eV
     atom  46 type  3   shift =    -9.608757 Ry, =   -130.73381 eV
     atom  47 type  3   shift =    -9.851917 Ry, =   -134.04217 eV
     atom  48 type  3   shift =    -9.843143 Ry, =   -133.92279 eV
     atom  49 type  3   shift =    -9.609649 Ry, =   -130.74593 eV
     atom  50 type  4   shift =     0.000000 Ry, =      0.00000 eV
     atom  51 type  4   shift =     0.000000 Ry, =      0.00000 eV
     atom  52 type  4   shift =     0.000000 Ry, =      0.00000 eV
     atom  53 type  4   shift =     0.000000 Ry, =      0.00000 eV
     atom  54 type  4   shift =     0.000000 Ry, =      0.00000 eV
     atom  55 type  4   shift =     0.000000 Ry, =      0.00000 eV
     atom  56 type  4   shift =     0.000000 Ry, =      0.00000 eV
     atom  57 type  4   shift =     0.000000 Ry, =      0.00000 eV
     atom  58 type  4   shift =     0.000000 Ry, =      0.00000 eV
     atom  59 type  4   shift =     0.000000 Ry, =      0.00000 eV
     atom  60 type  4   shift =     0.000000 Ry, =      0.00000 eV
     atom  61 type  4   shift =     0.000000 Ry, =      0.00000 eV
     atom  62 type  4   shift =     0.000000 Ry, =      0.00000 eV
     atom  63 type  4   shift =     0.000000 Ry, =      0.00000 eV
     atom  64 type  4   shift =     0.000000 Ry, =      0.00000 eV
     atom  65 type  4   shift =     0.000000 Ry, =      0.00000 eV
     atom  66 type  4   shift =     0.000000 Ry, =      0.00000 eV
     atom  67 type  4   shift =     0.000000 Ry, =      0.00000 eV
     atom  68 type  4   shift =     0.000000 Ry, =      0.00000 eV
     atom  69 type  4   shift =     0.000000 Ry, =      0.00000 eV
     atom  70 type  4   shift =     0.000000 Ry, =      0.00000 eV
     atom  71 type  4   shift =     0.000000 Ry, =      0.00000 eV
     atom  72 type  4   shift =     0.000000 Ry, =      0.00000 eV
     atom  73 type  4   shift =     0.000000 Ry, =      0.00000 eV
     atom  74 type  4   shift =     0.000000 Ry, =      0.00000 eV
     atom  75 type  4   shift =     0.000000 Ry, =      0.00000 eV
     atom  76 type  5   shift =     0.000000 Ry, =      0.00000 eV
     atom  77 type  4   shift =     0.000000 Ry, =      0.00000 eV
     atom  78 type  5   shift =     0.000000 Ry, =      0.00000 eV
     atom  79 type  4   shift =     0.000000 Ry, =      0.00000 eV
     atom  80 type  2   shift =    -5.242098 Ry, =    -71.32237 eV
     atom  81 type  5   shift =     0.000000 Ry, =      0.00000 eV
     atom  82 type  4   shift =     0.000000 Ry, =      0.00000 eV
     atom  83 type  5   shift =     0.000000 Ry, =      0.00000 eV
     atom  84 type  2   shift =    -5.240058 Ry, =    -71.29462 eV
     atom  85 type  5   shift =     0.000000 Ry, =      0.00000 eV
     atom  86 type  4   shift =     0.000000 Ry, =      0.00000 eV
     atom  87 type  5   shift =     0.000000 Ry, =      0.00000 eV

     The FERMI ENERGY contribution to shift
     atom   1 type  1   shift =    -0.000000 Ry, =     -0.00000 eV
     atom   2 type  2   shift =    -0.241118 Ry, =     -3.28057 eV
     atom   3 type  2   shift =    -0.241118 Ry, =     -3.28057 eV
     atom   4 type  2   shift =    -0.241118 Ry, =     -3.28057 eV
     atom   5 type  2   shift =    -0.241118 Ry, =     -3.28057 eV
     atom   6 type  2   shift =    -0.241118 Ry, =     -3.28057 eV
     atom   7 type  2   shift =    -0.241118 Ry, =     -3.28057 eV
     atom   8 type  2   shift =    -0.241118 Ry, =     -3.28057 eV
     atom   9 type  2   shift =    -0.241118 Ry, =     -3.28057 eV
     atom  10 type  2   shift =    -0.241118 Ry, =     -3.28057 eV
     atom  11 type  2   shift =    -0.241118 Ry, =     -3.28057 eV
     atom  12 type  2   shift =    -0.241118 Ry, =     -3.28057 eV
     atom  13 type  2   shift =    -0.241118 Ry, =     -3.28057 eV
     atom  14 type  2   shift =    -0.241118 Ry, =     -3.28057 eV
     atom  15 type  2   shift =    -0.241118 Ry, =     -3.28057 eV
     atom  16 type  2   shift =    -0.241118 Ry, =     -3.28057 eV
     atom  17 type  2   shift =    -0.241118 Ry, =     -3.28057 eV
     atom  18 type  2   shift =    -0.241118 Ry, =     -3.28057 eV
     atom  19 type  2   shift =    -0.241118 Ry, =     -3.28057 eV
     atom  20 type  2   shift =    -0.241118 Ry, =     -3.28057 eV
     atom  21 type  2   shift =    -0.241118 Ry, =     -3.28057 eV
     atom  22 type  2   shift =    -0.241118 Ry, =     -3.28057 eV
     atom  23 type  2   shift =    -0.241118 Ry, =     -3.28057 eV
     atom  24 type  2   shift =    -0.241118 Ry, =     -3.28057 eV
     atom  25 type  2   shift =    -0.241118 Ry, =     -3.28057 eV
     atom  26 type  2   shift =    -0.241118 Ry, =     -3.28057 eV
     atom  27 type  2   shift =    -0.241118 Ry, =     -3.28057 eV
     atom  28 type  2   shift =    -0.241118 Ry, =     -3.28057 eV
     atom  29 type  2   shift =    -0.241118 Ry, =     -3.28057 eV
     atom  30 type  2   shift =    -0.241118 Ry, =     -3.28057 eV
     atom  31 type  2   shift =    -0.241118 Ry, =     -3.28057 eV
     atom  32 type  2   shift =    -0.241118 Ry, =     -3.28057 eV
     atom  33 type  2   shift =    -0.241118 Ry, =     -3.28057 eV
     atom  34 type  2   shift =    -0.241118 Ry, =     -3.28057 eV
     atom  35 type  2   shift =    -0.241118 Ry, =     -3.28057 eV
     atom  36 type  2   shift =    -0.241118 Ry, =     -3.28057 eV
     atom  37 type  2   shift =    -0.241118 Ry, =     -3.28057 eV
     atom  38 type  2   shift =    -0.241118 Ry, =     -3.28057 eV
     atom  39 type  2   shift =    -0.241118 Ry, =     -3.28057 eV
     atom  40 type  2   shift =    -0.241118 Ry, =     -3.28057 eV
     atom  41 type  2   shift =    -0.241118 Ry, =     -3.28057 eV
     atom  42 type  2   shift =    -0.241118 Ry, =     -3.28057 eV
     atom  43 type  2   shift =    -0.241118 Ry, =     -3.28057 eV
     atom  44 type  2   shift =    -0.241118 Ry, =     -3.28057 eV
     atom  45 type  2   shift =    -0.241118 Ry, =     -3.28057 eV
     atom  46 type  3   shift =    -0.241118 Ry, =     -3.28057 eV
     atom  47 type  3   shift =    -0.241118 Ry, =     -3.28057 eV
     atom  48 type  3   shift =    -0.241118 Ry, =     -3.28057 eV
     atom  49 type  3   shift =    -0.241118 Ry, =     -3.28057 eV
     atom  50 type  4   shift =    -0.000000 Ry, =     -0.00000 eV
     atom  51 type  4   shift =    -0.000000 Ry, =     -0.00000 eV
     atom  52 type  4   shift =    -0.000000 Ry, =     -0.00000 eV
     atom  53 type  4   shift =    -0.000000 Ry, =     -0.00000 eV
     atom  54 type  4   shift =    -0.000000 Ry, =     -0.00000 eV
     atom  55 type  4   shift =    -0.000000 Ry, =     -0.00000 eV
     atom  56 type  4   shift =    -0.000000 Ry, =     -0.00000 eV
     atom  57 type  4   shift =    -0.000000 Ry, =     -0.00000 eV
     atom  58 type  4   shift =    -0.000000 Ry, =     -0.00000 eV
     atom  59 type  4   shift =    -0.000000 Ry, =     -0.00000 eV
     atom  60 type  4   shift =    -0.000000 Ry, =     -0.00000 eV
     atom  61 type  4   shift =    -0.000000 Ry, =     -0.00000 eV
     atom  62 type  4   shift =    -0.000000 Ry, =     -0.00000 eV
     atom  63 type  4   shift =    -0.000000 Ry, =     -0.00000 eV
     atom  64 type  4   shift =    -0.000000 Ry, =     -0.00000 eV
     atom  65 type  4   shift =    -0.000000 Ry, =     -0.00000 eV
     atom  66 type  4   shift =    -0.000000 Ry, =     -0.00000 eV
     atom  67 type  4   shift =    -0.000000 Ry, =     -0.00000 eV
     atom  68 type  4   shift =    -0.000000 Ry, =     -0.00000 eV
     atom  69 type  4   shift =    -0.000000 Ry, =     -0.00000 eV
     atom  70 type  4   shift =    -0.000000 Ry, =     -0.00000 eV
     atom  71 type  4   shift =    -0.000000 Ry, =     -0.00000 eV
     atom  72 type  4   shift =    -0.000000 Ry, =     -0.00000 eV
     atom  73 type  4   shift =    -0.000000 Ry, =     -0.00000 eV
     atom  74 type  4   shift =    -0.000000 Ry, =     -0.00000 eV
     atom  75 type  4   shift =    -0.000000 Ry, =     -0.00000 eV
     atom  76 type  5   shift =    -0.000000 Ry, =     -0.00000 eV
     atom  77 type  4   shift =    -0.000000 Ry, =     -0.00000 eV
     atom  78 type  5   shift =    -0.000000 Ry, =     -0.00000 eV
     atom  79 type  4   shift =    -0.000000 Ry, =     -0.00000 eV
     atom  80 type  2   shift =    -0.241118 Ry, =     -3.28057 eV
     atom  81 type  5   shift =    -0.000000 Ry, =     -0.00000 eV
     atom  82 type  4   shift =    -0.000000 Ry, =     -0.00000 eV
     atom  83 type  5   shift =    -0.000000 Ry, =     -0.00000 eV
     atom  84 type  2   shift =    -0.241118 Ry, =     -3.28057 eV
     atom  85 type  5   shift =    -0.000000 Ry, =     -0.00000 eV
     atom  86 type  4   shift =    -0.000000 Ry, =     -0.00000 eV
     atom  87 type  5   shift =    -0.000000 Ry, =     -0.00000 eV
     The NON LOCAL contribution to shift
     atom   1 type  1   shift =     0.000000 Ry, =      0.00000 eV
     atom   2 type  2   shift =     2.550596 Ry, =     34.70263 eV
     atom   3 type  2   shift =     2.567756 Ry, =     34.93610 eV
     atom   4 type  2   shift =     2.582308 Ry, =     35.13409 eV
     atom   5 type  2   shift =     2.573331 Ry, =     35.01195 eV
     atom   6 type  2   shift =     2.540598 Ry, =     34.56660 eV
     atom   7 type  2   shift =     2.533713 Ry, =     34.47292 eV
     atom   8 type  2   shift =     2.549647 Ry, =     34.68972 eV
     atom   9 type  2   shift =     2.538672 Ry, =     34.54039 eV
     atom  10 type  2   shift =     2.553051 Ry, =     34.73603 eV
     atom  11 type  2   shift =     2.500030 Ry, =     34.01464 eV
     atom  12 type  2   shift =     2.548797 Ry, =     34.67815 eV
     atom  13 type  2   shift =     2.536370 Ry, =     34.50907 eV
     atom  14 type  2   shift =     2.548356 Ry, =     34.67215 eV
     atom  15 type  2   shift =     2.552264 Ry, =     34.72532 eV
     atom  16 type  2   shift =     2.540017 Ry, =     34.55870 eV
     atom  17 type  2   shift =     2.549018 Ry, =     34.68116 eV
     atom  18 type  2   shift =     2.502055 Ry, =     34.04219 eV
     atom  19 type  2   shift =     2.538765 Ry, =     34.54166 eV
     atom  20 type  2   shift =     2.680907 Ry, =     36.47559 eV
     atom  21 type  2   shift =     2.573310 Ry, =     35.01167 eV
     atom  22 type  2   shift =     2.638474 Ry, =     35.89827 eV
     atom  23 type  2   shift =     2.627948 Ry, =     35.75505 eV
     atom  24 type  2   shift =     2.639601 Ry, =     35.91361 eV
     atom  25 type  2   shift =     2.629391 Ry, =     35.77468 eV
     atom  26 type  2   shift =     2.684396 Ry, =     36.52307 eV
     atom  27 type  2   shift =     2.572951 Ry, =     35.00679 eV
     atom  28 type  2   shift =     2.546137 Ry, =     34.64196 eV
     atom  29 type  2   shift =     2.541079 Ry, =     34.57315 eV
     atom  30 type  2   shift =     2.501551 Ry, =     34.03533 eV
     atom  31 type  2   shift =     2.550512 Ry, =     34.70149 eV
     atom  32 type  2   shift =     2.540532 Ry, =     34.56570 eV
     atom  33 type  2   shift =     2.551082 Ry, =     34.70923 eV
     atom  34 type  2   shift =     2.548046 Ry, =     34.66793 eV
     atom  35 type  2   shift =     2.543903 Ry, =     34.61156 eV
     atom  36 type  2   shift =     2.540999 Ry, =     34.57205 eV
     atom  37 type  2   shift =     2.500634 Ry, =     34.02286 eV
     atom  38 type  2   shift =     2.538338 Ry, =     34.53584 eV
     atom  39 type  2   shift =     2.545732 Ry, =     34.63644 eV
     atom  40 type  2   shift =     2.548492 Ry, =     34.67400 eV
     atom  41 type  2   shift =     2.547353 Ry, =     34.65851 eV
     atom  42 type  2   shift =     2.593058 Ry, =     35.28035 eV
     atom  43 type  2   shift =     2.574897 Ry, =     35.03326 eV
     atom  44 type  2   shift =     2.554508 Ry, =     34.75585 eV
     atom  45 type  2   shift =     2.573951 Ry, =     35.02039 eV
     atom  46 type  3   shift =    -0.151532 Ry, =     -2.06170 eV
     atom  47 type  3   shift =    -0.154214 Ry, =     -2.09819 eV
     atom  48 type  3   shift =    -0.154144 Ry, =     -2.09724 eV
     atom  49 type  3   shift =    -0.151519 Ry, =     -2.06152 eV
     atom  50 type  4   shift =     0.000000 Ry, =      0.00000 eV
     atom  51 type  4   shift =     0.000000 Ry, =      0.00000 eV
     atom  52 type  4   shift =     0.000000 Ry, =      0.00000 eV
     atom  53 type  4   shift =     0.000000 Ry, =      0.00000 eV
     atom  54 type  4   shift =     0.000000 Ry, =      0.00000 eV
     atom  55 type  4   shift =     0.000000 Ry, =      0.00000 eV
     atom  56 type  4   shift =     0.000000 Ry, =      0.00000 eV
     atom  57 type  4   shift =     0.000000 Ry, =      0.00000 eV
     atom  58 type  4   shift =     0.000000 Ry, =      0.00000 eV
     atom  59 type  4   shift =     0.000000 Ry, =      0.00000 eV
     atom  60 type  4   shift =     0.000000 Ry, =      0.00000 eV
     atom  61 type  4   shift =     0.000000 Ry, =      0.00000 eV
     atom  62 type  4   shift =     0.000000 Ry, =      0.00000 eV
     atom  63 type  4   shift =     0.000000 Ry, =      0.00000 eV
     atom  64 type  4   shift =     0.000000 Ry, =      0.00000 eV
     atom  65 type  4   shift =     0.000000 Ry, =      0.00000 eV
     atom  66 type  4   shift =     0.000000 Ry, =      0.00000 eV
     atom  67 type  4   shift =     0.000000 Ry, =      0.00000 eV
     atom  68 type  4   shift =     0.000000 Ry, =      0.00000 eV
     atom  69 type  4   shift =     0.000000 Ry, =      0.00000 eV
     atom  70 type  4   shift =     0.000000 Ry, =      0.00000 eV
     atom  71 type  4   shift =     0.000000 Ry, =      0.00000 eV
     atom  72 type  4   shift =     0.000000 Ry, =      0.00000 eV
     atom  73 type  4   shift =     0.000000 Ry, =      0.00000 eV
     atom  74 type  4   shift =     0.000000 Ry, =      0.00000 eV
     atom  75 type  4   shift =     0.000000 Ry, =      0.00000 eV
     atom  76 type  5   shift =     0.000000 Ry, =      0.00000 eV
     atom  77 type  4   shift =     0.000000 Ry, =      0.00000 eV
     atom  78 type  5   shift =     0.000000 Ry, =      0.00000 eV
     atom  79 type  4   shift =     0.000000 Ry, =      0.00000 eV
     atom  80 type  2   shift =     2.501530 Ry, =     34.03505 eV
     atom  81 type  5   shift =     0.000000 Ry, =      0.00000 eV
     atom  82 type  4   shift =     0.000000 Ry, =      0.00000 eV
     atom  83 type  5   shift =     0.000000 Ry, =      0.00000 eV
     atom  84 type  2   shift =     2.499299 Ry, =     34.00470 eV
     atom  85 type  5   shift =     0.000000 Ry, =      0.00000 eV
     atom  86 type  4   shift =     0.000000 Ry, =      0.00000 eV
     atom  87 type  5   shift =     0.000000 Ry, =      0.00000 eV
     The LOCAL contribution to shift
     atom   1 type  1   shift =     0.000000 Ry, =      0.00000 eV
     atom   2 type  2   shift =   -34.704712 Ry, =   -472.18166 eV
     atom   3 type  2   shift =   -34.229922 Ry, =   -465.72181 eV
     atom   4 type  2   shift =   -42.161021 Ry, =   -573.62991 eV
     atom   5 type  2   shift =   -41.215940 Ry, =   -560.77144 eV
     atom   6 type  2   shift =   -40.027757 Ry, =   -544.60538 eV
     atom   7 type  2   shift =   -26.553525 Ry, =   -361.27911 eV
     atom   8 type  2   shift =   -26.843958 Ry, =   -365.23065 eV
     atom   9 type  2   shift =   -30.397755 Ry, =   -413.58253 eV
     atom  10 type  2   shift =   -26.749383 Ry, =   -363.94390 eV
     atom  11 type  2   shift =   -34.695224 Ry, =   -472.05256 eV
     atom  12 type  2   shift =   -30.551997 Ry, =   -415.68109 eV
     atom  13 type  2   shift =   -39.079820 Ry, =   -531.70804 eV
     atom  14 type  2   shift =   -23.127586 Ry, =   -314.66684 eV
     atom  15 type  2   shift =   -21.604151 Ry, =   -293.93944 eV
     atom  16 type  2   shift =   -28.310075 Ry, =   -385.17820 eV
     atom  17 type  2   shift =   -23.570247 Ry, =   -320.68955 eV
     atom  18 type  2   shift =   -33.198203 Ry, =   -451.68457 eV
     atom  19 type  2   shift =   -29.011020 Ry, =   -394.71503 eV
     atom  20 type  2   shift =   -41.665020 Ry, =   -566.88147 eV
     atom  21 type  2   shift =   -41.028982 Ry, =   -558.22774 eV
     atom  22 type  2   shift =   -35.007272 Ry, =   -476.29820 eV
     atom  23 type  2   shift =   -34.565452 Ry, =   -470.28693 eV
     atom  24 type  2   shift =   -34.731391 Ry, =   -472.54465 eV
     atom  25 type  2   shift =   -34.794318 Ry, =   -473.40082 eV
     atom  26 type  2   shift =   -41.391074 Ry, =   -563.15425 eV
     atom  27 type  2   shift =   -41.300045 Ry, =   -561.91573 eV
     atom  28 type  2   shift =   -39.593077 Ry, =   -538.69125 eV
     atom  29 type  2   shift =   -28.679436 Ry, =   -390.20360 eV
     atom  30 type  2   shift =   -33.510026 Ry, =   -455.92714 eV
     atom  31 type  2   shift =   -23.362827 Ry, =   -317.86746 eV
     atom  32 type  2   shift =   -29.065027 Ry, =   -395.44983 eV
     atom  33 type  2   shift =   -21.713166 Ry, =   -295.42268 eV
     atom  34 type  2   shift =   -23.586897 Ry, =   -320.91609 eV
     atom  35 type  2   shift =   -39.723019 Ry, =   -540.45921 eV
     atom  36 type  2   shift =   -30.547068 Ry, =   -415.61404 eV
     atom  37 type  2   shift =   -34.512241 Ry, =   -469.56296 eV
     atom  38 type  2   shift =   -26.673779 Ry, =   -362.91525 eV
     atom  39 type  2   shift =   -30.242417 Ry, =   -411.46905 eV
     atom  40 type  2   shift =   -26.784531 Ry, =   -364.42212 eV
     atom  41 type  2   shift =   -26.538041 Ry, =   -361.06845 eV
     atom  42 type  2   shift =   -42.133101 Ry, =   -573.25004 eV
     atom  43 type  2   shift =   -41.679919 Ry, =   -567.08418 eV
     atom  44 type  2   shift =   -34.696930 Ry, =   -472.07578 eV
     atom  45 type  2   shift =   -34.705804 Ry, =   -472.19652 eV
     atom  46 type  3   shift =   -47.083440 Ry, =   -640.60283 eV
     atom  47 type  3   shift =   -45.659522 Ry, =   -621.22944 eV
     atom  48 type  3   shift =   -45.545232 Ry, =   -619.67445 eV
     atom  49 type  3   shift =   -47.239702 Ry, =   -642.72888 eV
     atom  50 type  4   shift =     0.000000 Ry, =      0.00000 eV
     atom  51 type  4   shift =     0.000000 Ry, =      0.00000 eV
     atom  52 type  4   shift =     0.000000 Ry, =      0.00000 eV
     atom  53 type  4   shift =     0.000000 Ry, =      0.00000 eV
     atom  54 type  4   shift =     0.000000 Ry, =      0.00000 eV
     atom  55 type  4   shift =     0.000000 Ry, =      0.00000 eV
     atom  56 type  4   shift =     0.000000 Ry, =      0.00000 eV
     atom  57 type  4   shift =     0.000000 Ry, =      0.00000 eV
     atom  58 type  4   shift =     0.000000 Ry, =      0.00000 eV
     atom  59 type  4   shift =     0.000000 Ry, =      0.00000 eV
     atom  60 type  4   shift =     0.000000 Ry, =      0.00000 eV
     atom  61 type  4   shift =     0.000000 Ry, =      0.00000 eV
     atom  62 type  4   shift =     0.000000 Ry, =      0.00000 eV
     atom  63 type  4   shift =     0.000000 Ry, =      0.00000 eV
     atom  64 type  4   shift =     0.000000 Ry, =      0.00000 eV
     atom  65 type  4   shift =     0.000000 Ry, =      0.00000 eV
     atom  66 type  4   shift =     0.000000 Ry, =      0.00000 eV
     atom  67 type  4   shift =     0.000000 Ry, =      0.00000 eV
     atom  68 type  4   shift =     0.000000 Ry, =      0.00000 eV
     atom  69 type  4   shift =     0.000000 Ry, =      0.00000 eV
     atom  70 type  4   shift =     0.000000 Ry, =      0.00000 eV
     atom  71 type  4   shift =     0.000000 Ry, =      0.00000 eV
     atom  72 type  4   shift =     0.000000 Ry, =      0.00000 eV
     atom  73 type  4   shift =     0.000000 Ry, =      0.00000 eV
     atom  74 type  4   shift =     0.000000 Ry, =      0.00000 eV
     atom  75 type  4   shift =     0.000000 Ry, =      0.00000 eV
     atom  76 type  5   shift =     0.000000 Ry, =      0.00000 eV
     atom  77 type  4   shift =     0.000000 Ry, =      0.00000 eV
     atom  78 type  5   shift =     0.000000 Ry, =      0.00000 eV
     atom  79 type  4   shift =     0.000000 Ry, =      0.00000 eV
     atom  80 type  2   shift =   -23.408414 Ry, =   -318.48769 eV
     atom  81 type  5   shift =     0.000000 Ry, =      0.00000 eV
     atom  82 type  4   shift =     0.000000 Ry, =      0.00000 eV
     atom  83 type  5   shift =     0.000000 Ry, =      0.00000 eV
     atom  84 type  2   shift =   -23.439096 Ry, =   -318.90514 eV
     atom  85 type  5   shift =     0.000000 Ry, =      0.00000 eV
     atom  86 type  4   shift =     0.000000 Ry, =      0.00000 eV
     atom  87 type  5   shift =     0.000000 Ry, =      0.00000 eV
     The IONIC contribution to shift
     atom   1 type  1   shift =     0.000000 Ry, =      0.00000 eV
     atom   2 type  2   shift =    26.867404 Ry, =    365.54965 eV
     atom   3 type  2   shift =    26.378916 Ry, =    358.90344 eV
     atom   4 type  2   shift =    34.376490 Ry, =    467.71598 eV
     atom   5 type  2   shift =    33.438053 Ry, =    454.94789 eV
     atom   6 type  2   shift =    32.218017 Ry, =    438.34845 eV
     atom   7 type  2   shift =    18.745932 Ry, =    255.05140 eV
     atom   8 type  2   shift =    19.055046 Ry, =    259.25711 eV
     atom   9 type  2   shift =    22.580458 Ry, =    307.22278 eV
     atom  10 type  2   shift =    18.929797 Ry, =    257.55301 eV
     atom  11 type  2   shift =    26.932968 Ry, =    366.44169 eV
     atom  12 type  2   shift =    22.724081 Ry, =    309.17687 eV
     atom  13 type  2   shift =    31.283758 Ry, =    425.63721 eV
     atom  14 type  2   shift =    15.301670 Ry, =    208.18983 eV
     atom  15 type  2   shift =    13.775196 Ry, =    187.42109 eV
     atom  16 type  2   shift =    20.487310 Ry, =    278.74406 eV
     atom  17 type  2   shift =    15.743901 Ry, =    214.20669 eV
     atom  18 type  2   shift =    25.427145 Ry, =    345.95393 eV
     atom  19 type  2   shift =    21.184252 Ry, =    288.22644 eV
     atom  20 type  2   shift =    33.793137 Ry, =    459.77906 eV
     atom  21 type  2   shift =    33.208037 Ry, =    451.81836 eV
     atom  22 type  2   shift =    27.065343 Ry, =    368.24275 eV
     atom  23 type  2   shift =    26.618184 Ry, =    362.15884 eV
     atom  24 type  2   shift =    26.787644 Ry, =    364.46447 eV
     atom  25 type  2   shift =    26.845963 Ry, =    365.25793 eV
     atom  26 type  2   shift =    33.514915 Ry, =    455.99365 eV
     atom  27 type  2   shift =    33.480697 Ry, =    455.52809 eV
     atom  28 type  2   shift =    31.775611 Ry, =    432.32921 eV
     atom  29 type  2   shift =    20.846209 Ry, =    283.62712 eV
     atom  30 type  2   shift =    25.727226 Ry, =    350.03674 eV
     atom  31 type  2   shift =    15.532358 Ry, =    211.32849 eV
     atom  32 type  2   shift =    21.232673 Ry, =    288.88524 eV
     atom  33 type  2   shift =    13.885366 Ry, =    188.92003 eV
     atom  34 type  2   shift =    15.756482 Ry, =    214.37786 eV
     atom  35 type  2   shift =    31.921723 Ry, =    434.31717 eV
     atom  36 type  2   shift =    22.727965 Ry, =    309.22972 eV
     atom  37 type  2   shift =    26.755549 Ry, =    364.02779 eV
     atom  38 type  2   shift =    18.863920 Ry, =    256.65671 eV
     atom  39 type  2   shift =    22.422170 Ry, =    305.06917 eV
     atom  40 type  2   shift =    18.997097 Ry, =    258.46867 eV
     atom  41 type  2   shift =    18.724973 Ry, =    254.76624 eV
     atom  42 type  2   shift =    34.334038 Ry, =    467.13838 eV
     atom  43 type  2   shift =    33.903818 Ry, =    461.28495 eV
     atom  44 type  2   shift =    26.854796 Ry, =    365.37811 eV
     atom  45 type  2   shift =    26.845214 Ry, =    365.24774 eV
     atom  46 type  3   shift =    37.867332 Ry, =    515.21130 eV
     atom  47 type  3   shift =    36.202936 Ry, =    492.56604 eV
     atom  48 type  3   shift =    36.097350 Ry, =    491.12947 eV
     atom  49 type  3   shift =    38.022689 Ry, =    517.32504 eV
     atom  50 type  4   shift =     0.000000 Ry, =      0.00000 eV
     atom  51 type  4   shift =     0.000000 Ry, =      0.00000 eV
     atom  52 type  4   shift =     0.000000 Ry, =      0.00000 eV
     atom  53 type  4   shift =     0.000000 Ry, =      0.00000 eV
     atom  54 type  4   shift =     0.000000 Ry, =      0.00000 eV
     atom  55 type  4   shift =     0.000000 Ry, =      0.00000 eV
     atom  56 type  4   shift =     0.000000 Ry, =      0.00000 eV
     atom  57 type  4   shift =     0.000000 Ry, =      0.00000 eV
     atom  58 type  4   shift =     0.000000 Ry, =      0.00000 eV
     atom  59 type  4   shift =     0.000000 Ry, =      0.00000 eV
     atom  60 type  4   shift =     0.000000 Ry, =      0.00000 eV
     atom  61 type  4   shift =     0.000000 Ry, =      0.00000 eV
     atom  62 type  4   shift =     0.000000 Ry, =      0.00000 eV
     atom  63 type  4   shift =     0.000000 Ry, =      0.00000 eV
     atom  64 type  4   shift =     0.000000 Ry, =      0.00000 eV
     atom  65 type  4   shift =     0.000000 Ry, =      0.00000 eV
     atom  66 type  4   shift =     0.000000 Ry, =      0.00000 eV
     atom  67 type  4   shift =     0.000000 Ry, =      0.00000 eV
     atom  68 type  4   shift =     0.000000 Ry, =      0.00000 eV
     atom  69 type  4   shift =     0.000000 Ry, =      0.00000 eV
     atom  70 type  4   shift =     0.000000 Ry, =      0.00000 eV
     atom  71 type  4   shift =     0.000000 Ry, =      0.00000 eV
     atom  72 type  4   shift =     0.000000 Ry, =      0.00000 eV
     atom  73 type  4   shift =     0.000000 Ry, =      0.00000 eV
     atom  74 type  4   shift =     0.000000 Ry, =      0.00000 eV
     atom  75 type  4   shift =     0.000000 Ry, =      0.00000 eV
     atom  76 type  5   shift =     0.000000 Ry, =      0.00000 eV
     atom  77 type  4   shift =     0.000000 Ry, =      0.00000 eV
     atom  78 type  5   shift =     0.000000 Ry, =      0.00000 eV
     atom  79 type  4   shift =     0.000000 Ry, =      0.00000 eV
     atom  80 type  2   shift =    15.905903 Ry, =    216.41084 eV
     atom  81 type  5   shift =     0.000000 Ry, =      0.00000 eV
     atom  82 type  4   shift =     0.000000 Ry, =      0.00000 eV
     atom  83 type  5   shift =     0.000000 Ry, =      0.00000 eV
     atom  84 type  2   shift =    15.940856 Ry, =    216.88639 eV
     atom  85 type  5   shift =     0.000000 Ry, =      0.00000 eV
     atom  86 type  4   shift =     0.000000 Ry, =      0.00000 eV
     atom  87 type  5   shift =     0.000000 Ry, =      0.00000 eV
     The CC contribution to shift
     atom   1 type  1   shift =    -0.000000 Ry, =     -0.00000 eV
     atom   2 type  2   shift =    -0.000000 Ry, =     -0.00000 eV
     atom   3 type  2   shift =    -0.000000 Ry, =     -0.00000 eV
     atom   4 type  2   shift =    -0.000000 Ry, =     -0.00000 eV
     atom   5 type  2   shift =    -0.000000 Ry, =     -0.00000 eV
     atom   6 type  2   shift =    -0.000000 Ry, =     -0.00000 eV
     atom   7 type  2   shift =    -0.000000 Ry, =     -0.00000 eV
     atom   8 type  2   shift =    -0.000000 Ry, =     -0.00000 eV
     atom   9 type  2   shift =    -0.000000 Ry, =     -0.00000 eV
     atom  10 type  2   shift =    -0.000000 Ry, =     -0.00000 eV
     atom  11 type  2   shift =    -0.000000 Ry, =     -0.00000 eV
     atom  12 type  2   shift =    -0.000000 Ry, =     -0.00000 eV
     atom  13 type  2   shift =    -0.000000 Ry, =     -0.00000 eV
     atom  14 type  2   shift =    -0.000000 Ry, =     -0.00000 eV
     atom  15 type  2   shift =    -0.000000 Ry, =     -0.00000 eV
     atom  16 type  2   shift =    -0.000000 Ry, =     -0.00000 eV
     atom  17 type  2   shift =    -0.000000 Ry, =     -0.00000 eV
     atom  18 type  2   shift =    -0.000000 Ry, =     -0.00000 eV
     atom  19 type  2   shift =    -0.000000 Ry, =     -0.00000 eV
     atom  20 type  2   shift =    -0.000000 Ry, =     -0.00000 eV
     atom  21 type  2   shift =    -0.000000 Ry, =     -0.00000 eV
     atom  22 type  2   shift =    -0.000000 Ry, =     -0.00000 eV
     atom  23 type  2   shift =    -0.000000 Ry, =     -0.00000 eV
     atom  24 type  2   shift =    -0.000000 Ry, =     -0.00000 eV
     atom  25 type  2   shift =    -0.000000 Ry, =     -0.00000 eV
     atom  26 type  2   shift =    -0.000000 Ry, =     -0.00000 eV
     atom  27 type  2   shift =    -0.000000 Ry, =     -0.00000 eV
     atom  28 type  2   shift =    -0.000000 Ry, =     -0.00000 eV
     atom  29 type  2   shift =    -0.000000 Ry, =     -0.00000 eV
     atom  30 type  2   shift =    -0.000000 Ry, =     -0.00000 eV
     atom  31 type  2   shift =    -0.000000 Ry, =     -0.00000 eV
     atom  32 type  2   shift =    -0.000000 Ry, =     -0.00000 eV
     atom  33 type  2   shift =    -0.000000 Ry, =     -0.00000 eV
     atom  34 type  2   shift =    -0.000000 Ry, =     -0.00000 eV
     atom  35 type  2   shift =    -0.000000 Ry, =     -0.00000 eV
     atom  36 type  2   shift =    -0.000000 Ry, =     -0.00000 eV
     atom  37 type  2   shift =    -0.000000 Ry, =     -0.00000 eV
     atom  38 type  2   shift =    -0.000000 Ry, =     -0.00000 eV
     atom  39 type  2   shift =    -0.000000 Ry, =     -0.00000 eV
     atom  40 type  2   shift =    -0.000000 Ry, =     -0.00000 eV
     atom  41 type  2   shift =    -0.000000 Ry, =     -0.00000 eV
     atom  42 type  2   shift =    -0.000000 Ry, =     -0.00000 eV
     atom  43 type  2   shift =    -0.000000 Ry, =     -0.00000 eV
     atom  44 type  2   shift =    -0.000000 Ry, =     -0.00000 eV
     atom  45 type  2   shift =    -0.000000 Ry, =     -0.00000 eV
     atom  46 type  3   shift =    -0.000000 Ry, =     -0.00000 eV
     atom  47 type  3   shift =    -0.000000 Ry, =     -0.00000 eV
     atom  48 type  3   shift =    -0.000000 Ry, =     -0.00000 eV
     atom  49 type  3   shift =    -0.000000 Ry, =     -0.00000 eV
     atom  50 type  4   shift =    -0.000000 Ry, =     -0.00000 eV
     atom  51 type  4   shift =    -0.000000 Ry, =     -0.00000 eV
     atom  52 type  4   shift =    -0.000000 Ry, =     -0.00000 eV
     atom  53 type  4   shift =    -0.000000 Ry, =     -0.00000 eV
     atom  54 type  4   shift =    -0.000000 Ry, =     -0.00000 eV
     atom  55 type  4   shift =    -0.000000 Ry, =     -0.00000 eV
     atom  56 type  4   shift =    -0.000000 Ry, =     -0.00000 eV
     atom  57 type  4   shift =    -0.000000 Ry, =     -0.00000 eV
     atom  58 type  4   shift =    -0.000000 Ry, =     -0.00000 eV
     atom  59 type  4   shift =    -0.000000 Ry, =     -0.00000 eV
     atom  60 type  4   shift =    -0.000000 Ry, =     -0.00000 eV
     atom  61 type  4   shift =    -0.000000 Ry, =     -0.00000 eV
     atom  62 type  4   shift =    -0.000000 Ry, =     -0.00000 eV
     atom  63 type  4   shift =    -0.000000 Ry, =     -0.00000 eV
     atom  64 type  4   shift =    -0.000000 Ry, =     -0.00000 eV
     atom  65 type  4   shift =    -0.000000 Ry, =     -0.00000 eV
     atom  66 type  4   shift =    -0.000000 Ry, =     -0.00000 eV
     atom  67 type  4   shift =    -0.000000 Ry, =     -0.00000 eV
     atom  68 type  4   shift =    -0.000000 Ry, =     -0.00000 eV
     atom  69 type  4   shift =    -0.000000 Ry, =     -0.00000 eV
     atom  70 type  4   shift =    -0.000000 Ry, =     -0.00000 eV
     atom  71 type  4   shift =    -0.000000 Ry, =     -0.00000 eV
     atom  72 type  4   shift =    -0.000000 Ry, =     -0.00000 eV
     atom  73 type  4   shift =    -0.000000 Ry, =     -0.00000 eV
     atom  74 type  4   shift =    -0.000000 Ry, =     -0.00000 eV
     atom  75 type  4   shift =    -0.000000 Ry, =     -0.00000 eV
     atom  76 type  5   shift =    -0.000000 Ry, =     -0.00000 eV
     atom  77 type  4   shift =    -0.000000 Ry, =     -0.00000 eV
     atom  78 type  5   shift =    -0.000000 Ry, =     -0.00000 eV
     atom  79 type  4   shift =    -0.000000 Ry, =     -0.00000 eV
     atom  80 type  2   shift =    -0.000000 Ry, =     -0.00000 eV
     atom  81 type  5   shift =    -0.000000 Ry, =     -0.00000 eV
     atom  82 type  4   shift =    -0.000000 Ry, =     -0.00000 eV
     atom  83 type  5   shift =    -0.000000 Ry, =     -0.00000 eV
     atom  84 type  2   shift =    -0.000000 Ry, =     -0.00000 eV
     atom  85 type  5   shift =    -0.000000 Ry, =     -0.00000 eV
     atom  86 type  4   shift =    -0.000000 Ry, =     -0.00000 eV
     atom  87 type  5   shift =    -0.000000 Ry, =     -0.00000 eV
     The Hubbard contribution to shift
     atom   1 type  1   shift =    -0.000000 Ry, =     -0.00000 eV
     atom   2 type  2   shift =    -0.000000 Ry, =     -0.00000 eV
     atom   3 type  2   shift =    -0.000000 Ry, =     -0.00000 eV
     atom   4 type  2   shift =    -0.000000 Ry, =     -0.00000 eV
     atom   5 type  2   shift =    -0.000000 Ry, =     -0.00000 eV
     atom   6 type  2   shift =    -0.000000 Ry, =     -0.00000 eV
     atom   7 type  2   shift =    -0.000000 Ry, =     -0.00000 eV
     atom   8 type  2   shift =    -0.000000 Ry, =     -0.00000 eV
     atom   9 type  2   shift =    -0.000000 Ry, =     -0.00000 eV
     atom  10 type  2   shift =    -0.000000 Ry, =     -0.00000 eV
     atom  11 type  2   shift =    -0.000000 Ry, =     -0.00000 eV
     atom  12 type  2   shift =    -0.000000 Ry, =     -0.00000 eV
     atom  13 type  2   shift =    -0.000000 Ry, =     -0.00000 eV
     atom  14 type  2   shift =    -0.000000 Ry, =     -0.00000 eV
     atom  15 type  2   shift =    -0.000000 Ry, =     -0.00000 eV
     atom  16 type  2   shift =    -0.000000 Ry, =     -0.00000 eV
     atom  17 type  2   shift =    -0.000000 Ry, =     -0.00000 eV
     atom  18 type  2   shift =    -0.000000 Ry, =     -0.00000 eV
     atom  19 type  2   shift =    -0.000000 Ry, =     -0.00000 eV
     atom  20 type  2   shift =    -0.000000 Ry, =     -0.00000 eV
     atom  21 type  2   shift =    -0.000000 Ry, =     -0.00000 eV
     atom  22 type  2   shift =    -0.000000 Ry, =     -0.00000 eV
     atom  23 type  2   shift =    -0.000000 Ry, =     -0.00000 eV
     atom  24 type  2   shift =    -0.000000 Ry, =     -0.00000 eV
     atom  25 type  2   shift =    -0.000000 Ry, =     -0.00000 eV
     atom  26 type  2   shift =    -0.000000 Ry, =     -0.00000 eV
     atom  27 type  2   shift =    -0.000000 Ry, =     -0.00000 eV
     atom  28 type  2   shift =    -0.000000 Ry, =     -0.00000 eV
     atom  29 type  2   shift =    -0.000000 Ry, =     -0.00000 eV
     atom  30 type  2   shift =    -0.000000 Ry, =     -0.00000 eV
     atom  31 type  2   shift =    -0.000000 Ry, =     -0.00000 eV
     atom  32 type  2   shift =    -0.000000 Ry, =     -0.00000 eV
     atom  33 type  2   shift =    -0.000000 Ry, =     -0.00000 eV
     atom  34 type  2   shift =    -0.000000 Ry, =     -0.00000 eV
     atom  35 type  2   shift =    -0.000000 Ry, =     -0.00000 eV
     atom  36 type  2   shift =    -0.000000 Ry, =     -0.00000 eV
     atom  37 type  2   shift =    -0.000000 Ry, =     -0.00000 eV
     atom  38 type  2   shift =    -0.000000 Ry, =     -0.00000 eV
     atom  39 type  2   shift =    -0.000000 Ry, =     -0.00000 eV
     atom  40 type  2   shift =    -0.000000 Ry, =     -0.00000 eV
     atom  41 type  2   shift =    -0.000000 Ry, =     -0.00000 eV
     atom  42 type  2   shift =    -0.000000 Ry, =     -0.00000 eV
     atom  43 type  2   shift =    -0.000000 Ry, =     -0.00000 eV
     atom  44 type  2   shift =    -0.000000 Ry, =     -0.00000 eV
     atom  45 type  2   shift =    -0.000000 Ry, =     -0.00000 eV
     atom  46 type  3   shift =    -0.000000 Ry, =     -0.00000 eV
     atom  47 type  3   shift =    -0.000000 Ry, =     -0.00000 eV
     atom  48 type  3   shift =    -0.000000 Ry, =     -0.00000 eV
     atom  49 type  3   shift =    -0.000000 Ry, =     -0.00000 eV
     atom  50 type  4   shift =    -0.000000 Ry, =     -0.00000 eV
     atom  51 type  4   shift =    -0.000000 Ry, =     -0.00000 eV
     atom  52 type  4   shift =    -0.000000 Ry, =     -0.00000 eV
     atom  53 type  4   shift =    -0.000000 Ry, =     -0.00000 eV
     atom  54 type  4   shift =    -0.000000 Ry, =     -0.00000 eV
     atom  55 type  4   shift =    -0.000000 Ry, =     -0.00000 eV
     atom  56 type  4   shift =    -0.000000 Ry, =     -0.00000 eV
     atom  57 type  4   shift =    -0.000000 Ry, =     -0.00000 eV
     atom  58 type  4   shift =    -0.000000 Ry, =     -0.00000 eV
     atom  59 type  4   shift =    -0.000000 Ry, =     -0.00000 eV
     atom  60 type  4   shift =    -0.000000 Ry, =     -0.00000 eV
     atom  61 type  4   shift =    -0.000000 Ry, =     -0.00000 eV
     atom  62 type  4   shift =    -0.000000 Ry, =     -0.00000 eV
     atom  63 type  4   shift =    -0.000000 Ry, =     -0.00000 eV
     atom  64 type  4   shift =    -0.000000 Ry, =     -0.00000 eV
     atom  65 type  4   shift =    -0.000000 Ry, =     -0.00000 eV
     atom  66 type  4   shift =    -0.000000 Ry, =     -0.00000 eV
     atom  67 type  4   shift =    -0.000000 Ry, =     -0.00000 eV
     atom  68 type  4   shift =    -0.000000 Ry, =     -0.00000 eV
     atom  69 type  4   shift =    -0.000000 Ry, =     -0.00000 eV
     atom  70 type  4   shift =    -0.000000 Ry, =     -0.00000 eV
     atom  71 type  4   shift =    -0.000000 Ry, =     -0.00000 eV
     atom  72 type  4   shift =    -0.000000 Ry, =     -0.00000 eV
     atom  73 type  4   shift =    -0.000000 Ry, =     -0.00000 eV
     atom  74 type  4   shift =    -0.000000 Ry, =     -0.00000 eV
     atom  75 type  4   shift =    -0.000000 Ry, =     -0.00000 eV
     atom  76 type  5   shift =    -0.000000 Ry, =     -0.00000 eV
     atom  77 type  4   shift =    -0.000000 Ry, =     -0.00000 eV
     atom  78 type  5   shift =    -0.000000 Ry, =     -0.00000 eV
     atom  79 type  4   shift =    -0.000000 Ry, =     -0.00000 eV
     atom  80 type  2   shift =    -0.000000 Ry, =     -0.00000 eV
     atom  81 type  5   shift =    -0.000000 Ry, =     -0.00000 eV
     atom  82 type  4   shift =    -0.000000 Ry, =     -0.00000 eV
     atom  83 type  5   shift =    -0.000000 Ry, =     -0.00000 eV
     atom  84 type  2   shift =    -0.000000 Ry, =     -0.00000 eV
     atom  85 type  5   shift =    -0.000000 Ry, =     -0.00000 eV
     atom  86 type  4   shift =    -0.000000 Ry, =     -0.00000 eV
     atom  87 type  5   shift =    -0.000000 Ry, =     -0.00000 eV

     initstate    :     33.26s CPU     51.26s WALL


   This run was terminated on:  23:39:55   1Aug2026            

=------------------------------------------------------------------------------=
   JOB DONE.
=------------------------------------------------------------------------------=
